---
source: src/tests/writer.rs
expression: handle
---
==================
Dumping index 0
Root: Metadata { dimensions: 3, items: RoaringBitmap<150 values between 0 and 149>, roots: [0, 1, 188], distance: "cosine" }
Version: Version { major: 0, minor: 7, patch: 0 }
Tree 0: SplitPlaneNormal(SplitPlaneNormal<cosine> { left: 94, right: 95, normal: Leaf { header: NodeHeaderCosine { norm: "0.0000" }, vector: [-0.7419, -0.0092, 0.6705] } })
Tree 1: SplitPlaneNormal(SplitPlaneNormal<cosine> { left: 2, right: 3, normal: Leaf { header: NodeHeaderCosine { norm: "0.0000" }, vector: [0.5938, 0.3404, -0.7290] } })
Tree 2: SplitPlaneNormal(SplitPlaneNormal<cosine> { left: 64, right: 65, normal: Leaf { header: NodeHeaderCosine { norm: "0.0000" }, vector: [-0.5969, 0.7955, -0.1042] } })
Tree 3: SplitPlaneNormal(SplitPlaneNormal<cosine> { left: 4, right: 5, normal: Leaf { header: NodeHeaderCosine { norm: "0.0000" }, vector: [0.6720, -0.7180, 0.1817] } })
Tree 4: SplitPlaneNormal(SplitPlaneNormal<cosine> { left: 42, right: 45, normal: Leaf { header: NodeHeaderCosine { norm: "0.0000" }, vector: [-0.8971, 0.4184, 0.1423] } })
Tree 5: SplitPlaneNormal(SplitPlaneNormal<cosine> { left: 6, right: 7, normal: Leaf { header: NodeHeaderCosine { norm: "0.0000" }, vector: [-0.2091, -0.4533, 0.8665] } })
Tree 6: SplitPlaneNormal(SplitPlaneNormal<cosine> { left: 26, right: 27, normal: Leaf { header: NodeHeaderCosine { norm: "0.0000" }, vector: [-0.3881, 0.4833, 0.7847] } })
Tree 7: SplitPlaneNormal(SplitPlaneNormal<cosine> { left: 8, right: 9, normal: Leaf { header: NodeHeaderCosine { norm: "0.0000" }, vector: [0.0141, 0.8224, -0.5688] } })
Tree 8: SplitPlaneNormal(SplitPlaneNormal<cosine> { left: 16, right: 17, normal: Leaf { header: NodeHeaderCosine { norm: "0.0000" }, vector: [-0.6128, 0.7615, 0.2113] } })
Tree 9: SplitPlaneNormal(SplitPlaneNormal<cosine> { left: 10, right: 12, normal: Leaf { header: NodeHeaderCosine { norm: "0.0000" }, vector: [0.7223, -0.6315, -0.2819] } })
Tree 10: SplitPlaneNormal(SplitPlaneNormal<cosine> { left: 473, right: 474, normal: Leaf { header: NodeHeaderCosine { norm: "0.0000" }, vector: [-0.1805, -0.5812, 0.7935] } })
Tree 12: Descendants(Descendants { descendants: [4, 59, 138] })
Tree 16: SplitPlaneNormal(SplitPlaneNormal<cosine> { left: 18, right: 19, normal: Leaf { header: NodeHeaderCosine { norm: "0.0000" }, vector: [0.4400, -0.6017, -0.6666] } })
Tree 17: SplitPlaneNormal(SplitPlaneNormal<cosine> { left: 457, right: 458, normal: Leaf { header: NodeHeaderCosine { norm: "0.0000" }, vector: [0.7648, -0.3201, -0.5591] } })
Tree 18: SplitPlaneNormal(SplitPlaneNormal<cosine> { left: 20, right: 21, normal: Leaf { header: NodeHeaderCosine { norm: "0.0000" }, vector: [0.6356, -0.3787, -0.6728] } })
Tree 19: SplitPlaneNormal(SplitPlaneNormal<cosine> { left: 453, right: 454, normal: Leaf { header: NodeHeaderCosine { norm: "0.0000" }, vector: [0.3880, -0.0274, -0.9212] } })
Tree 20: SplitPlaneNormal(SplitPlaneNormal<cosine> { left: 447, right: 448, normal: Leaf { header: NodeHeaderCosine { norm: "0.0000" }, vector: [0.2480, -0.9656, 0.0777] } })
Tree 21: Descendants(Descendants { descendants: [46, 75, 120] })
Tree 26: SplitPlaneNormal(SplitPlaneNormal<cosine> { left: 40, right: 41, normal: Leaf { header: NodeHeaderCosine { norm: "0.0000" }, vector: [-0.1973, 0.9757, 0.0950] } })
Tree 27: SplitPlaneNormal(SplitPlaneNormal<cosine> { left: 28, right: 29, normal: Leaf { header: NodeHeaderCosine { norm: "0.0000" }, vector: [0.6078, -0.7489, -0.2641] } })
Tree 28: SplitPlaneNormal(SplitPlaneNormal<cosine> { left: 34, right: 35, normal: Leaf { header: NodeHeaderCosine { norm: "0.0000" }, vector: [0.6381, -0.4144, -0.6490] } })
Tree 29: SplitPlaneNormal(SplitPlaneNormal<cosine> { left: 433, right: 434, normal: Leaf { header: NodeHeaderCosine { norm: "0.0000" }, vector: [-0.3862, 0.9188, 0.0820] } })
Tree 34: SplitPlaneNormal(SplitPlaneNormal<cosine> { left: 36, right: 37, normal: Leaf { header: NodeHeaderCosine { norm: "0.0000" }, vector: [0.7289, -0.4821, -0.4861] } })
Tree 35: Descendants(Descendants { descendants: [19, 81, 118] })
Tree 36: SplitPlaneNormal(SplitPlaneNormal<cosine> { left: 413, right: 414, normal: Leaf { header: NodeHeaderCosine { norm: "0.0000" }, vector: [-0.2625, -0.3008, 0.9169] } })
Tree 37: SplitPlaneNormal(SplitPlaneNormal<cosine> { left: 38, right: 39, normal: Leaf { header: NodeHeaderCosine { norm: "0.0000" }, vector: [-0.4520, 0.7619, -0.4638] } })
Tree 38: SplitPlaneNormal(SplitPlaneNormal<cosine> { left: 405, right: 406, normal: Leaf { header: NodeHeaderCosine { norm: "0.0000" }, vector: [0.2309, -0.7225, 0.6517] } })
Tree 39: Descendants(Descendants { descendants: [45, 71] })
Tree 40: SplitPlaneNormal(SplitPlaneNormal<cosine> { left: 403, right: 404, normal: Leaf { header: NodeHeaderCosine { norm: "0.0000" }, vector: [-0.1757, 0.8241, 0.5385] } })
Tree 41: SplitPlaneNormal(SplitPlaneNormal<cosine> { left: 395, right: 396, normal: Leaf { header: NodeHeaderCosine { norm: "0.0000" }, vector: [0.3164, -0.9406, 0.1233] } })
Tree 42: SplitPlaneNormal(SplitPlaneNormal<cosine> { left: 52, right: 53, normal: Leaf { header: NodeHeaderCosine { norm: "0.0000" }, vector: [-0.1610, 0.3819, -0.9101] } })
Tree 45: SplitPlaneNormal(SplitPlaneNormal<cosine> { left: 46, right: 47, normal: Leaf { header: NodeHeaderCosine { norm: "0.0000" }, vector: [0.1491, 0.5140, -0.8448] } })
Tree 46: Descendants(Descendants { descendants: [49, 91] })
Tree 47: SplitPlaneNormal(SplitPlaneNormal<cosine> { left: 48, right: 49, normal: Leaf { header: NodeHeaderCosine { norm: "0.0000" }, vector: [0.8454, -0.4542, 0.2812] } })
Tree 48: SplitPlaneNormal(SplitPlaneNormal<cosine> { left: 375, right: 376, normal: Leaf { header: NodeHeaderCosine { norm: "0.0000" }, vector: [0.4911, -0.2623, 0.8307] } })
Tree 49: Descendants(Descendants { descendants: [13, 23, 140] })
Tree 52: SplitPlaneNormal(SplitPlaneNormal<cosine> { left: 341, right: 342, normal: Leaf { header: NodeHeaderCosine { norm: "0.0000" }, vector: [0.5599, 0.1200, -0.8199] } })
Tree 53: SplitPlaneNormal(SplitPlaneNormal<cosine> { left: 335, right: 336, normal: Leaf { header: NodeHeaderCosine { norm: "0.0000" }, vector: [-0.7792, 0.5645, 0.2723] } })
Tree 64: SplitPlaneNormal(SplitPlaneNormal<cosine> { left: 80, right: 84, normal: Leaf { header: NodeHeaderCosine { norm: "0.0000" }, vector: [0.7926, -0.2856, -0.5388] } })
Tree 65: SplitPlaneNormal(SplitPlaneNormal<cosine> { left: 66, right: 72, normal: Leaf { header: NodeHeaderCosine { norm: "0.0000" }, vector: [0.0680, 0.7454, -0.6632] } })
Tree 66: SplitPlaneNormal(SplitPlaneNormal<cosine> { left: 493, right: 494, normal: Leaf { header: NodeHeaderCosine { norm: "0.0000" }, vector: [0.2240, 0.8675, -0.4442] } })
Tree 72: SplitPlaneNormal(SplitPlaneNormal<cosine> { left: 479, right: 480, normal: Leaf { header: NodeHeaderCosine { norm: "0.0000" }, vector: [0.9140, -0.3803, 0.1412] } })
Tree 80: SplitPlaneNormal(SplitPlaneNormal<cosine> { left: 88, right: 89, normal: Leaf { header: NodeHeaderCosine { norm: "0.0000" }, vector: [0.4346, 0.7756, -0.4578] } })
Tree 84: SplitPlaneNormal(SplitPlaneNormal<cosine> { left: 443, right: 444, normal: Leaf { header: NodeHeaderCosine { norm: "0.0000" }, vector: [0.4369, -0.8596, -0.2651] } })
Tree 88: SplitPlaneNormal(SplitPlaneNormal<cosine> { left: 90, right: 91, normal: Leaf { header: NodeHeaderCosine { norm: "0.0000" }, vector: [-0.9628, -0.0719, 0.2605] } })
Tree 89: SplitPlaneNormal(SplitPlaneNormal<cosine> { left: 441, right: 442, normal: Leaf { header: NodeHeaderCosine { norm: "0.0000" }, vector: [0.7235, 0.4241, -0.5447] } })
Tree 90: SplitPlaneNormal(SplitPlaneNormal<cosine> { left: 92, right: 93, normal: Leaf { header: NodeHeaderCosine { norm: "0.0000" }, vector: [-0.8021, 0.4808, 0.3542] } })
Tree 91: Descendants(Descendants { descendants: [55, 109, 147] })
Tree 92: SplitPlaneNormal(SplitPlaneNormal<cosine> { left: 439, right: 440, normal: Leaf { header: NodeHeaderCosine { norm: "0.0000" }, vector: [0.2673, 0.9257, -0.2676] } })
Tree 93: Descendants(Descendants { descendants: [37, 51] })
Tree 94: SplitPlaneNormal(SplitPlaneNormal<cosine> { left: 128, right: 129, normal: Leaf { header: NodeHeaderCosine { norm: "0.0000" }, vector: [0.4785, -0.8779, -0.0195] } })
Tree 95: SplitPlaneNormal(SplitPlaneNormal<cosine> { left: 96, right: 97, normal: Leaf { header: NodeHeaderCosine { norm: "0.0000" }, vector: [0.9268, -0.3400, -0.1595] } })
Tree 96: SplitPlaneNormal(SplitPlaneNormal<cosine> { left: 114, right: 115, normal: Leaf { header: NodeHeaderCosine { norm: "0.0000" }, vector: [0.0640, 0.8356, -0.5456] } })
Tree 97: SplitPlaneNormal(SplitPlaneNormal<cosine> { left: 98, right: 100, normal: Leaf { header: NodeHeaderCosine { norm: "0.0000" }, vector: [0.1260, 0.8927, -0.4327] } })
Tree 98: SplitPlaneNormal(SplitPlaneNormal<cosine> { left: 108, right: 109, normal: Leaf { header: NodeHeaderCosine { norm: "0.0000" }, vector: [-0.3363, -0.8669, 0.3680] } })
Tree 100: SplitPlaneNormal(SplitPlaneNormal<cosine> { left: 407, right: 408, normal: Leaf { header: NodeHeaderCosine { norm: "0.0000" }, vector: [-0.3952, -0.6037, 0.6924] } })
Tree 108: SplitPlaneNormal(SplitPlaneNormal<cosine> { left: 389, right: 390, normal: Leaf { header: NodeHeaderCosine { norm: "0.0000" }, vector: [0.8002, -0.4737, -0.3679] } })
Tree 109: SplitPlaneNormal(SplitPlaneNormal<cosine> { left: 110, right: 111, normal: Leaf { header: NodeHeaderCosine { norm: "0.0000" }, vector: [-0.8863, -0.1858, 0.4241] } })
Tree 110: SplitPlaneNormal(SplitPlaneNormal<cosine> { left: 387, right: 388, normal: Leaf { header: NodeHeaderCosine { norm: "0.0000" }, vector: [0.8246, -0.3603, -0.4361] } })
Tree 111: Descendants(Descendants { descendants: [37] })
Tree 114: SplitPlaneNormal(SplitPlaneNormal<cosine> { left: 363, right: 364, normal: Leaf { header: NodeHeaderCosine { norm: "0.0000" }, vector: [0.2172, 0.8988, -0.3807] } })
Tree 115: SplitPlaneNormal(SplitPlaneNormal<cosine> { left: 116, right: 117, normal: Leaf { header: NodeHeaderCosine { norm: "0.0000" }, vector: [-0.4503, 0.5907, -0.6696] } })
Tree 116: SplitPlaneNormal(SplitPlaneNormal<cosine> { left: 353, right: 354, normal: Leaf { header: NodeHeaderCosine { norm: "0.0000" }, vector: [0.7613, -0.5632, 0.3214] } })
Tree 117: SplitPlaneNormal(SplitPlaneNormal<cosine> { left: 345, right: 346, normal: Leaf { header: NodeHeaderCosine { norm: "0.0000" }, vector: [-0.3455, 0.2540, -0.9034] } })
Tree 128: SplitPlaneNormal(SplitPlaneNormal<cosine> { left: 152, right: 153, normal: Leaf { header: NodeHeaderCosine { norm: "0.0000" }, vector: [-0.6325, 0.7077, -0.3149] } })
Tree 129: SplitPlaneNormal(SplitPlaneNormal<cosine> { left: 130, right: 131, normal: Leaf { header: NodeHeaderCosine { norm: "0.0000" }, vector: [0.3229, 0.5291, -0.7847] } })
Tree 130: SplitPlaneNormal(SplitPlaneNormal<cosine> { left: 140, right: 141, normal: Leaf { header: NodeHeaderCosine { norm: "0.0000" }, vector: [-0.5718, -0.3132, 0.7583] } })
Tree 131: SplitPlaneNormal(SplitPlaneNormal<cosine> { left: 137, right: 134, normal: Leaf { header: NodeHeaderCosine { norm: "0.0000" }, vector: [-0.0720, -0.5319, 0.8437] } })
Tree 134: SplitPlaneNormal(SplitPlaneNormal<cosine> { left: 487, right: 488, normal: Leaf { header: NodeHeaderCosine { norm: "0.0000" }, vector: [0.4324, -0.7417, -0.5127] } })
Tree 137: SplitPlaneNormal(SplitPlaneNormal<cosine> { left: 138, right: 139, normal: Leaf { header: NodeHeaderCosine { norm: "0.0000" }, vector: [-0.2183, 0.8233, 0.5240] } })
Tree 138: Descendants(Descendants { descendants: [5, 27, 77] })
Tree 139: SplitPlaneNormal(SplitPlaneNormal<cosine> { left: 467, right: 468, normal: Leaf { header: NodeHeaderCosine { norm: "0.0000" }, vector: [0.2398, -0.8384, 0.4896] } })
Tree 140: SplitPlaneNormal(SplitPlaneNormal<cosine> { left: 461, right: 462, normal: Leaf { header: NodeHeaderCosine { norm: "0.0000" }, vector: [-0.5080, 0.7989, 0.3219] } })
Tree 141: SplitPlaneNormal(SplitPlaneNormal<cosine> { left: 142, right: 143, normal: Leaf { header: NodeHeaderCosine { norm: "0.0000" }, vector: [0.1645, -0.9636, 0.2109] } })
Tree 142: Descendants(Descendants { descendants: [10, 87] })
Tree 143: SplitPlaneNormal(SplitPlaneNormal<cosine> { left: 144, right: 145, normal: Leaf { header: NodeHeaderCosine { norm: "0.0000" }, vector: [-0.0415, 0.9886, -0.1449] } })
Tree 144: SplitPlaneNormal(SplitPlaneNormal<cosine> { left: 459, right: 460, normal: Leaf { header: NodeHeaderCosine { norm: "0.0000" }, vector: [-0.6675, -0.1477, 0.7298] } })
Tree 145: Descendants(Descendants { descendants: [38, 93, 133] })
Tree 152: SplitPlaneNormal(SplitPlaneNormal<cosine> { left: 166, right: 167, normal: Leaf { header: NodeHeaderCosine { norm: "0.0000" }, vector: [-0.1407, 0.7156, -0.6842] } })
Tree 153: SplitPlaneNormal(SplitPlaneNormal<cosine> { left: 160, right: 159, normal: Leaf { header: NodeHeaderCosine { norm: "0.0000" }, vector: [0.5494, -0.1561, -0.8208] } })
Tree 159: SplitPlaneNormal(SplitPlaneNormal<cosine> { left: 429, right: 430, normal: Leaf { header: NodeHeaderCosine { norm: "0.0000" }, vector: [-0.6129, 0.5604, -0.5571] } })
Tree 160: SplitPlaneNormal(SplitPlaneNormal<cosine> { left: 419, right: 420, normal: Leaf { header: NodeHeaderCosine { norm: "0.0000" }, vector: [0.6269, -0.5350, 0.5664] } })
Tree 166: SplitPlaneNormal(SplitPlaneNormal<cosine> { left: 178, right: 180, normal: Leaf { header: NodeHeaderCosine { norm: "0.0000" }, vector: [-0.6048, -0.0853, 0.7918] } })
Tree 167: SplitPlaneNormal(SplitPlaneNormal<cosine> { left: 168, right: 169, normal: Leaf { header: NodeHeaderCosine { norm: "0.0000" }, vector: [0.6431, -0.6135, -0.4582] } })
Tree 168: SplitPlaneNormal(SplitPlaneNormal<cosine> { left: 170, right: 171, normal: Leaf { header: NodeHeaderCosine { norm: "0.0000" }, vector: [0.6919, -0.1450, -0.7073] } })
Tree 169: SplitPlaneNormal(SplitPlaneNormal<cosine> { left: 399, right: 400, normal: Leaf { header: NodeHeaderCosine { norm: "0.0000" }, vector: [0.1544, -0.4894, 0.8583] } })
Tree 170: Descendants(Descendants { descendants: [85, 135] })
Tree 171: SplitPlaneNormal(SplitPlaneNormal<cosine> { left: 172, right: 173, normal: Leaf { header: NodeHeaderCosine { norm: "0.0000" }, vector: [0.4012, 0.1846, -0.8972] } })
Tree 172: SplitPlaneNormal(SplitPlaneNormal<cosine> { left: 391, right: 392, normal: Leaf { header: NodeHeaderCosine { norm: "0.0000" }, vector: [0.0946, -0.6360, 0.7658] } })
Tree 173: SplitPlaneNormal(SplitPlaneNormal<cosine> { left: 174, right: 175, normal: Leaf { header: NodeHeaderCosine { norm: "0.0000" }, vector: [0.6930, -0.7206, -0.0238] } })
Tree 174: SplitPlaneNormal(SplitPlaneNormal<cosine> { left: 385, right: 386, normal: Leaf { header: NodeHeaderCosine { norm: "0.0000" }, vector: [0.7429, -0.4517, -0.4941] } })
Tree 175: Descendants(Descendants { descendants: [57, 69] })
Tree 178: SplitPlaneNormal(SplitPlaneNormal<cosine> { left: 371, right: 372, normal: Leaf { header: NodeHeaderCosine { norm: "0.0000" }, vector: [0.6954, -0.3130, -0.6469] } })
Tree 180: SplitPlaneNormal(SplitPlaneNormal<cosine> { left: 329, right: 330, normal: Leaf { header: NodeHeaderCosine { norm: "0.0000" }, vector: [-0.1684, 0.8359, -0.5224] } })
Tree 188: SplitPlaneNormal(SplitPlaneNormal<cosine> { left: 189, right: 190, normal: Leaf { header: NodeHeaderCosine { norm: "0.0000" }, vector: [-0.3588, 0.9273, -0.1069] } })
Tree 189: SplitPlaneNormal(SplitPlaneNormal<cosine> { left: 287, right: 288, normal: Leaf { header: NodeHeaderCosine { norm: "0.0000" }, vector: [-0.4411, -0.2194, 0.8702] } })
Tree 190: SplitPlaneNormal(SplitPlaneNormal<cosine> { left: 191, right: 192, normal: Leaf { header: NodeHeaderCosine { norm: "0.0000" }, vector: [0.4813, 0.4888, -0.7276] } })
Tree 191: SplitPlaneNormal(SplitPlaneNormal<cosine> { left: 193, right: 194, normal: Leaf { header: NodeHeaderCosine { norm: "0.0000" }, vector: [0.1905, 0.8307, -0.5231] } })
Tree 192: SplitPlaneNormal(SplitPlaneNormal<cosine> { left: 219, right: 220, normal: Leaf { header: NodeHeaderCosine { norm: "0.0000" }, vector: [-0.5020, 0.0420, 0.8639] } })
Tree 193: SplitPlaneNormal(SplitPlaneNormal<cosine> { left: 213, right: 214, normal: Leaf { header: NodeHeaderCosine { norm: "0.0000" }, vector: [0.9237, 0.1519, -0.3517] } })
Tree 194: SplitPlaneNormal(SplitPlaneNormal<cosine> { left: 195, right: 196, normal: Leaf { header: NodeHeaderCosine { norm: "0.0000" }, vector: [-0.5054, 0.6634, -0.5519] } })
Tree 195: SplitPlaneNormal(SplitPlaneNormal<cosine> { left: 197, right: 198, normal: Leaf { header: NodeHeaderCosine { norm: "0.0000" }, vector: [-0.0960, 0.8217, -0.5618] } })
Tree 196: SplitPlaneNormal(SplitPlaneNormal<cosine> { left: 209, right: 210, normal: Leaf { header: NodeHeaderCosine { norm: "0.0000" }, vector: [0.4870, 0.5360, -0.6896] } })
Tree 197: SplitPlaneNormal(SplitPlaneNormal<cosine> { left: 205, right: 206, normal: Leaf { header: NodeHeaderCosine { norm: "0.0000" }, vector: [-0.9733, 0.1535, 0.1707] } })
Tree 198: SplitPlaneNormal(SplitPlaneNormal<cosine> { left: 199, right: 200, normal: Leaf { header: NodeHeaderCosine { norm: "0.0000" }, vector: [0.9474, -0.2820, -0.1513] } })
Tree 199: SplitPlaneNormal(SplitPlaneNormal<cosine> { left: 201, right: 202, normal: Leaf { header: NodeHeaderCosine { norm: "0.0000" }, vector: [-0.9048, -0.1897, 0.3813] } })
Tree 200: SplitPlaneNormal(SplitPlaneNormal<cosine> { left: 203, right: 204, normal: Leaf { header: NodeHeaderCosine { norm: "0.0000" }, vector: [0.1717, -0.7823, 0.5988] } })
Tree 201: Descendants(Descendants { descendants: [8, 106, 130] })
Tree 202: Descendants(Descendants { descendants: [22, 134] })
Tree 203: Descendants(Descendants { descendants: [137] })
Tree 204: Descendants(Descendants { descendants: [26, 56, 121] })
Tree 205: Descendants(Descendants { descendants: [58, 79] })
Tree 206: SplitPlaneNormal(SplitPlaneNormal<cosine> { left: 207, right: 208, normal: Leaf { header: NodeHeaderCosine { norm: "0.0000" }, vector: [0.6205, 0.5886, -0.5183] } })
Tree 207: Descendants(Descendants { descendants: [3, 24, 76] })
Tree 208: Descendants(Descendants { descendants: [149] })
Tree 209: SplitPlaneNormal(SplitPlaneNormal<cosine> { left: 211, right: 212, normal: Leaf { header: NodeHeaderCosine { norm: "0.0000" }, vector: [0.9497, 0.1519, -0.2738] } })
Tree 210: Descendants(Descendants { descendants: [104] })
Tree 211: Descendants(Descendants { descendants: [40, 103] })
Tree 212: Descendants(Descendants { descendants: [14, 136] })
Tree 213: SplitPlaneNormal(SplitPlaneNormal<cosine> { left: 217, right: 218, normal: Leaf { header: NodeHeaderCosine { norm: "0.0000" }, vector: [-0.4724, 0.8516, -0.2274] } })
Tree 214: SplitPlaneNormal(SplitPlaneNormal<cosine> { left: 215, right: 216, normal: Leaf { header: NodeHeaderCosine { norm: "0.0000" }, vector: [-0.4389, -0.7273, 0.5277] } })
Tree 215: Descendants(Descendants { descendants: [7, 28] })
Tree 216: Descendants(Descendants { descendants: [53, 127] })
Tree 217: Descendants(Descendants { descendants: [55, 82, 148] })
Tree 218: Descendants(Descendants { descendants: [43, 68] })
Tree 219: SplitPlaneNormal(SplitPlaneNormal<cosine> { left: 221, right: 222, normal: Leaf { header: NodeHeaderCosine { norm: "0.0000" }, vector: [0.6571, -0.7532, 0.0308] } })
Tree 220: SplitPlaneNormal(SplitPlaneNormal<cosine> { left: 243, right: 244, normal: Leaf { header: NodeHeaderCosine { norm: "0.0000" }, vector: [0.6584, -0.4453, 0.6068] } })
Tree 221: SplitPlaneNormal(SplitPlaneNormal<cosine> { left: 233, right: 234, normal: Leaf { header: NodeHeaderCosine { norm: "0.0000" }, vector: [-0.8660, 0.4999, -0.0087] } })
Tree 222: SplitPlaneNormal(SplitPlaneNormal<cosine> { left: 223, right: 224, normal: Leaf { header: NodeHeaderCosine { norm: "0.0000" }, vector: [0.1999, -0.0850, -0.9761] } })
Tree 223: SplitPlaneNormal(SplitPlaneNormal<cosine> { left: 225, right: 226, normal: Leaf { header: NodeHeaderCosine { norm: "0.0000" }, vector: [0.0333, -0.5051, 0.8624] } })
Tree 224: Descendants(Descendants { descendants: [19, 61] })
Tree 225: SplitPlaneNormal(SplitPlaneNormal<cosine> { left: 231, right: 232, normal: Leaf { header: NodeHeaderCosine { norm: "0.0000" }, vector: [-0.2287, 0.0044, 0.9735] } })
Tree 226: SplitPlaneNormal(SplitPlaneNormal<cosine> { left: 227, right: 228, normal: Leaf { header: NodeHeaderCosine { norm: "0.0000" }, vector: [-0.5883, 0.7959, 0.1430] } })
Tree 227: SplitPlaneNormal(SplitPlaneNormal<cosine> { left: 229, right: 230, normal: Leaf { header: NodeHeaderCosine { norm: "0.0000" }, vector: [-0.2436, -0.1970, 0.9497] } })
Tree 228: Descendants(Descendants { descendants: [57] })
Tree 229: Descendants(Descendants { descendants: [34, 90] })
Tree 230: Descendants(Descendants { descendants: [113, 125] })
Tree 231: Descendants(Descendants { descendants: [101, 141] })
Tree 232: Descendants(Descendants { descendants: [1, 81] })
Tree 233: SplitPlaneNormal(SplitPlaneNormal<cosine> { left: 235, right: 236, normal: Leaf { header: NodeHeaderCosine { norm: "0.0000" }, vector: [0.3358, -0.0493, -0.9406] } })
Tree 234: Descendants(Descendants { descendants: [6] })
Tree 235: SplitPlaneNormal(SplitPlaneNormal<cosine> { left: 237, right: 238, normal: Leaf { header: NodeHeaderCosine { norm: "0.0000" }, vector: [0.6166, -0.6852, 0.3878] } })
Tree 236: SplitPlaneNormal(SplitPlaneNormal<cosine> { left: 239, right: 240, normal: Leaf { header: NodeHeaderCosine { norm: "0.0000" }, vector: [-0.7724, 0.5675, 0.2853] } })
Tree 237: Descendants(Descendants { descendants: [117, 128] })
Tree 238: Descendants(Descendants { descendants: [45, 71] })
Tree 239: SplitPlaneNormal(SplitPlaneNormal<cosine> { left: 241, right: 242, normal: Leaf { header: NodeHeaderCosine { norm: "0.0000" }, vector: [0.3038, -0.3798, 0.8738] } })
Tree 240: Descendants(Descendants { descendants: [65] })
Tree 241: Descendants(Descendants { descendants: [36, 97] })
Tree 242: Descendants(Descendants { descendants: [30, 124, 143] })
Tree 243: SplitPlaneNormal(SplitPlaneNormal<cosine> { left: 245, right: 246, normal: Leaf { header: NodeHeaderCosine { norm: "0.0000" }, vector: [-0.4678, -0.2194, 0.8562] } })
Tree 244: SplitPlaneNormal(SplitPlaneNormal<cosine> { left: 251, right: 252, normal: Leaf { header: NodeHeaderCosine { norm: "0.0000" }, vector: [0.1438, 0.4183, -0.8968] } })
Tree 245: SplitPlaneNormal(SplitPlaneNormal<cosine> { left: 249, right: 250, normal: Leaf { header: NodeHeaderCosine { norm: "0.0000" }, vector: [-0.8382, 0.2362, -0.4916] } })
Tree 246: SplitPlaneNormal(SplitPlaneNormal<cosine> { left: 247, right: 248, normal: Leaf { header: NodeHeaderCosine { norm: "0.0000" }, vector: [-0.8161, -0.1328, 0.5625] } })
Tree 247: Descendants(Descendants { descendants: [83, 84, 116] })
Tree 248: Descendants(Descendants { descendants: [50] })
Tree 249: Descendants(Descendants { descendants: [72, 74, 92] })
Tree 250: Descendants(Descendants { descendants: [12, 105] })
Tree 251: SplitPlaneNormal(SplitPlaneNormal<cosine> { left: 253, right: 254, normal: Leaf { header: NodeHeaderCosine { norm: "0.0000" }, vector: [-0.2413, -0.5591, 0.7932] } })
Tree 252: SplitPlaneNormal(SplitPlaneNormal<cosine> { left: 283, right: 284, normal: Leaf { header: NodeHeaderCosine { norm: "0.0000" }, vector: [-0.8495, 0.5177, -0.1022] } })
Tree 253: SplitPlaneNormal(SplitPlaneNormal<cosine> { left: 261, right: 262, normal: Leaf { header: NodeHeaderCosine { norm: "0.0000" }, vector: [0.8814, -0.4628, -0.0949] } })
Tree 254: SplitPlaneNormal(SplitPlaneNormal<cosine> { left: 255, right: 256, normal: Leaf { header: NodeHeaderCosine { norm: "0.0000" }, vector: [-0.7387, 0.6726, 0.0441] } })
Tree 255: SplitPlaneNormal(SplitPlaneNormal<cosine> { left: 257, right: 258, normal: Leaf { header: NodeHeaderCosine { norm: "0.0000" }, vector: [-0.3479, 0.8960, -0.2758] } })
Tree 256: Descendants(Descendants { descendants: [0, 91, 119] })
Tree 257: SplitPlaneNormal(SplitPlaneNormal<cosine> { left: 259, right: 260, normal: Leaf { header: NodeHeaderCosine { norm: "0.0000" }, vector: [0.6173, 0.1505, -0.7722] } })
Tree 258: Descendants(Descendants { descendants: [9, 48, 70] })
Tree 259: Descendants(Descendants { descendants: [20, 29, 98] })
Tree 260: Descendants(Descendants { descendants: [4, 54, 59] })
Tree 261: SplitPlaneNormal(SplitPlaneNormal<cosine> { left: 279, right: 280, normal: Leaf { header: NodeHeaderCosine { norm: "0.0000" }, vector: [-0.9326, 0.3602, -0.0232] } })
Tree 262: SplitPlaneNormal(SplitPlaneNormal<cosine> { left: 263, right: 264, normal: Leaf { header: NodeHeaderCosine { norm: "0.0000" }, vector: [0.7109, -0.1362, -0.6900] } })
Tree 263: Descendants(Descendants { descendants: [44, 85] })
Tree 264: SplitPlaneNormal(SplitPlaneNormal<cosine> { left: 265, right: 266, normal: Leaf { header: NodeHeaderCosine { norm: "0.0000" }, vector: [-0.6672, 0.7372, 0.1067] } })
Tree 265: SplitPlaneNormal(SplitPlaneNormal<cosine> { left: 275, right: 276, normal: Leaf { header: NodeHeaderCosine { norm: "0.0000" }, vector: [0.3336, -0.8868, 0.3197] } })
Tree 266: SplitPlaneNormal(SplitPlaneNormal<cosine> { left: 267, right: 268, normal: Leaf { header: NodeHeaderCosine { norm: "0.0000" }, vector: [-0.1407, 0.6579, -0.7399] } })
Tree 267: SplitPlaneNormal(SplitPlaneNormal<cosine> { left: 269, right: 270, normal: Leaf { header: NodeHeaderCosine { norm: "0.0000" }, vector: [0.4655, 0.1595, -0.8706] } })
Tree 268: Descendants(Descendants { descendants: [114, 126] })
Tree 269: SplitPlaneNormal(SplitPlaneNormal<cosine> { left: 271, right: 272, normal: Leaf { header: NodeHeaderCosine { norm: "0.0000" }, vector: [-0.5039, 0.7948, -0.3383] } })
Tree 270: Descendants(Descendants { descendants: [33] })
Tree 271: Descendants(Descendants { descendants: [21, 39] })
Tree 272: SplitPlaneNormal(SplitPlaneNormal<cosine> { left: 273, right: 274, normal: Leaf { header: NodeHeaderCosine { norm: "0.0000" }, vector: [0.1299, 0.5124, -0.8489] } })
Tree 273: Descendants(Descendants { descendants: [99, 123, 135] })
Tree 274: Descendants(Descendants { descendants: [66, 142] })
Tree 275: SplitPlaneNormal(SplitPlaneNormal<cosine> { left: 277, right: 278, normal: Leaf { header: NodeHeaderCosine { norm: "0.0000" }, vector: [0.4732, -0.8507, 0.2291] } })
Tree 276: Descendants(Descendants { descendants: [138] })
Tree 277: Descendants(Descendants { descendants: [69, 100, 145] })
Tree 278: Descendants(Descendants { descendants: [118] })
Tree 279: SplitPlaneNormal(SplitPlaneNormal<cosine> { left: 281, right: 282, normal: Leaf { header: NodeHeaderCosine { norm: "0.0000" }, vector: [0.7038, 0.1428, -0.6959] } })
Tree 280: Descendants(Descendants { descendants: [25, 139, 146] })
Tree 281: Descendants(Descendants { descendants: [49, 111] })
Tree 282: Descendants(Descendants { descendants: [13, 52] })
Tree 283: SplitPlaneNormal(SplitPlaneNormal<cosine> { left: 285, right: 286, normal: Leaf { header: NodeHeaderCosine { norm: "0.0000" }, vector: [-0.7841, 0.6195, -0.0365] } })
Tree 284: Descendants(Descendants { descendants: [23, 41, 140] })
Tree 285: Descendants(Descendants { descendants: [31, 112] })
Tree 286: Descendants(Descendants { descendants: [78, 96] })
Tree 287: SplitPlaneNormal(SplitPlaneNormal<cosine> { left: 289, right: 290, normal: Leaf { header: NodeHeaderCosine { norm: "0.0000" }, vector: [0.1124, 0.6347, -0.7645] } })
Tree 288: SplitPlaneNormal(SplitPlaneNormal<cosine> { left: 303, right: 304, normal: Leaf { header: NodeHeaderCosine { norm: "0.0000" }, vector: [0.8003, 0.2595, -0.5406] } })
Tree 289: SplitPlaneNormal(SplitPlaneNormal<cosine> { left: 299, right: 300, normal: Leaf { header: NodeHeaderCosine { norm: "0.0000" }, vector: [-0.3454, 0.6185, 0.7058] } })
Tree 290: SplitPlaneNormal(SplitPlaneNormal<cosine> { left: 291, right: 292, normal: Leaf { header: NodeHeaderCosine { norm: "0.0000" }, vector: [0.3311, -0.5678, -0.7536] } })
Tree 291: Descendants(Descendants { descendants: [15, 42] })
Tree 292: SplitPlaneNormal(SplitPlaneNormal<cosine> { left: 293, right: 294, normal: Leaf { header: NodeHeaderCosine { norm: "0.0000" }, vector: [0.2595, -0.9487, -0.1805] } })
Tree 293: SplitPlaneNormal(SplitPlaneNormal<cosine> { left: 297, right: 298, normal: Leaf { header: NodeHeaderCosine { norm: "0.0000" }, vector: [0.2025, -0.8428, 0.4986] } })
Tree 294: SplitPlaneNormal(SplitPlaneNormal<cosine> { left: 295, right: 296, normal: Leaf { header: NodeHeaderCosine { norm: "0.0000" }, vector: [0.1648, -0.9419, -0.2926] } })
Tree 295: Descendants(Descendants { descendants: [27, 132, 144] })
Tree 296: Descendants(Descendants { descendants: [5, 77] })
Tree 297: Descendants(Descendants { descendants: [17, 60] })
Tree 298: Descendants(Descendants { descendants: [18, 47, 86] })
Tree 299: SplitPlaneNormal(SplitPlaneNormal<cosine> { left: 301, right: 302, normal: Leaf { header: NodeHeaderCosine { norm: "0.0000" }, vector: [-0.2957, -0.4370, 0.8495] } })
Tree 300: Descendants(Descendants { descendants: [64, 110, 122] })
Tree 301: Descendants(Descendants { descendants: [108, 131] })
Tree 302: Descendants(Descendants { descendants: [11, 80] })
Tree 303: SplitPlaneNormal(SplitPlaneNormal<cosine> { left: 305, right: 306, normal: Leaf { header: NodeHeaderCosine { norm: "0.0000" }, vector: [-0.8935, 0.2904, 0.3426] } })
Tree 304: SplitPlaneNormal(SplitPlaneNormal<cosine> { left: 309, right: 310, normal: Leaf { header: NodeHeaderCosine { norm: "0.0000" }, vector: [0.4390, -0.8720, -0.2164] } })
Tree 305: SplitPlaneNormal(SplitPlaneNormal<cosine> { left: 307, right: 308, normal: Leaf { header: NodeHeaderCosine { norm: "0.0000" }, vector: [-0.5735, 0.7820, 0.2440] } })
Tree 306: Descendants(Descendants { descendants: [37, 109, 147] })
Tree 307: Descendants(Descendants { descendants: [73, 95] })
Tree 308: Descendants(Descendants { descendants: [51, 62] })
Tree 309: SplitPlaneNormal(SplitPlaneNormal<cosine> { left: 321, right: 322, normal: Leaf { header: NodeHeaderCosine { norm: "0.0000" }, vector: [-0.4056, -0.6411, 0.6515] } })
Tree 310: SplitPlaneNormal(SplitPlaneNormal<cosine> { left: 311, right: 312, normal: Leaf { header: NodeHeaderCosine { norm: "0.0000" }, vector: [0.3626, 0.7425, -0.5632] } })
Tree 311: SplitPlaneNormal(SplitPlaneNormal<cosine> { left: 313, right: 314, normal: Leaf { header: NodeHeaderCosine { norm: "0.0000" }, vector: [0.6511, -0.3522, -0.6723] } })
Tree 312: SplitPlaneNormal(SplitPlaneNormal<cosine> { left: 317, right: 318, normal: Leaf { header: NodeHeaderCosine { norm: "0.0000" }, vector: [0.4850, -0.5652, -0.6674] } })
Tree 313: Descendants(Descendants { descendants: [67] })
Tree 314: SplitPlaneNormal(SplitPlaneNormal<cosine> { left: 315, right: 316, normal: Leaf { header: NodeHeaderCosine { norm: "0.0000" }, vector: [0.5180, 0.6032, -0.6065] } })
Tree 315: Descendants(Descendants { descendants: [32, 35] })
Tree 316: Descendants(Descendants { descendants: [88, 89] })
Tree 317: SplitPlaneNormal(SplitPlaneNormal<cosine> { left: 319, right: 320, normal: Leaf { header: NodeHeaderCosine { norm: "0.0000" }, vector: [-0.4502, -0.5103, 0.7327] } })
Tree 318: Descendants(Descendants { descendants: [115] })
Tree 319: Descendants(Descendants { descendants: [46, 75] })
Tree 320: Descendants(Descendants { descendants: [38, 120] })
Tree 321: SplitPlaneNormal(SplitPlaneNormal<cosine> { left: 325, right: 326, normal: Leaf { header: NodeHeaderCosine { norm: "0.0000" }, vector: [0.6008, 0.1985, -0.7743] } })
Tree 322: SplitPlaneNormal(SplitPlaneNormal<cosine> { left: 323, right: 324, normal: Leaf { header: NodeHeaderCosine { norm: "0.0000" }, vector: [0.6741, 0.3535, -0.6486] } })
Tree 323: Descendants(Descendants { descendants: [102, 129] })
Tree 324: Descendants(Descendants { descendants: [16, 93, 133] })
Tree 325: SplitPlaneNormal(SplitPlaneNormal<cosine> { left: 327, right: 328, normal: Leaf { header: NodeHeaderCosine { norm: "0.0000" }, vector: [-0.2242, -0.7741, 0.5920] } })
Tree 326: Descendants(Descendants { descendants: [63, 94] })
Tree 327: Descendants(Descendants { descendants: [2, 87, 107] })
Tree 328: Descendants(Descendants { descendants: [10] })
Tree 329: SplitPlaneNormal(SplitPlaneNormal<cosine> { left: 331, right: 332, normal: Leaf { header: NodeHeaderCosine { norm: "0.0000" }, vector: [0.5918, -0.8057, -0.0251] } })
Tree 330: Descendants(Descendants { descendants: [44, 48, 70] })
Tree 331: Descendants(Descendants { descendants: [9] })
Tree 332: SplitPlaneNormal(SplitPlaneNormal<cosine> { left: 333, right: 334, normal: Leaf { header: NodeHeaderCosine { norm: "0.0000" }, vector: [0.7703, -0.3282, -0.5468] } })
Tree 333: Descendants(Descendants { descendants: [29] })
Tree 334: Descendants(Descendants { descendants: [20, 54, 98] })
Tree 335: SplitPlaneNormal(SplitPlaneNormal<cosine> { left: 337, right: 338, normal: Leaf { header: NodeHeaderCosine { norm: "0.0000" }, vector: [0.2529, -0.0839, -0.9638] } })
Tree 336: Descendants(Descendants { descendants: [65] })
Tree 337: Descendants(Descendants { descendants: [30] })
Tree 338: SplitPlaneNormal(SplitPlaneNormal<cosine> { left: 339, right: 340, normal: Leaf { header: NodeHeaderCosine { norm: "0.0000" }, vector: [-0.6012, 0.4896, 0.6315] } })
Tree 339: Descendants(Descendants { descendants: [36, 143] })
Tree 340: Descendants(Descendants { descendants: [97, 124] })
Tree 341: Descendants(Descendants { descendants: [0, 52, 85] })
Tree 342: SplitPlaneNormal(SplitPlaneNormal<cosine> { left: 343, right: 344, normal: Leaf { header: NodeHeaderCosine { norm: "0.0000" }, vector: [0.7599, -0.6195, 0.1971] } })
Tree 343: Descendants(Descendants { descendants: [96, 117] })
Tree 344: Descendants(Descendants { descendants: [31, 78, 128] })
Tree 345: SplitPlaneNormal(SplitPlaneNormal<cosine> { left: 347, right: 348, normal: Leaf { header: NodeHeaderCosine { norm: "0.0000" }, vector: [0.7789, 0.1483, -0.6094] } })
Tree 346: Descendants(Descendants { descendants: [105] })
Tree 347: Descendants(Descendants { descendants: [25, 50] })
Tree 348: SplitPlaneNormal(SplitPlaneNormal<cosine> { left: 349, right: 350, normal: Leaf { header: NodeHeaderCosine { norm: "0.0000" }, vector: [-0.2266, 0.3561, -0.9066] } })
Tree 349: SplitPlaneNormal(SplitPlaneNormal<cosine> { left: 351, right: 352, normal: Leaf { header: NodeHeaderCosine { norm: "0.0000" }, vector: [-0.0382, 0.4334, -0.9004] } })
Tree 350: Descendants(Descendants { descendants: [74] })
Tree 351: Descendants(Descendants { descendants: [139] })
Tree 352: Descendants(Descendants { descendants: [83, 84, 116] })
Tree 353: SplitPlaneNormal(SplitPlaneNormal<cosine> { left: 359, right: 360, normal: Leaf { header: NodeHeaderCosine { norm: "0.0000" }, vector: [-0.7709, -0.3440, 0.5361] } })
Tree 354: SplitPlaneNormal(SplitPlaneNormal<cosine> { left: 355, right: 356, normal: Leaf { header: NodeHeaderCosine { norm: "0.0000" }, vector: [0.1993, 0.6683, -0.7167] } })
Tree 355: SplitPlaneNormal(SplitPlaneNormal<cosine> { left: 357, right: 358, normal: Leaf { header: NodeHeaderCosine { norm: "0.0000" }, vector: [-0.2637, -0.7109, 0.6520] } })
Tree 356: Descendants(Descendants { descendants: [49, 111, 137] })
Tree 357: Descendants(Descendants { descendants: [56, 106, 130] })
Tree 358: Descendants(Descendants { descendants: [3, 8, 149] })
Tree 359: Descendants(Descendants { descendants: [14, 104, 146] })
Tree 360: SplitPlaneNormal(SplitPlaneNormal<cosine> { left: 361, right: 362, normal: Leaf { header: NodeHeaderCosine { norm: "0.0000" }, vector: [0.8255, -0.4591, 0.3283] } })
Tree 361: Descendants(Descendants { descendants: [40, 103, 136] })
Tree 362: Descendants(Descendants { descendants: [22, 134] })
Tree 363: SplitPlaneNormal(SplitPlaneNormal<cosine> { left: 365, right: 366, normal: Leaf { header: NodeHeaderCosine { norm: "0.0000" }, vector: [0.0431, -0.9825, 0.1814] } })
Tree 364: SplitPlaneNormal(SplitPlaneNormal<cosine> { left: 369, right: 370, normal: Leaf { header: NodeHeaderCosine { norm: "0.0000" }, vector: [0.5787, 0.6873, -0.4390] } })
Tree 365: SplitPlaneNormal(SplitPlaneNormal<cosine> { left: 367, right: 368, normal: Leaf { header: NodeHeaderCosine { norm: "0.0000" }, vector: [-0.6171, 0.7767, -0.1258] } })
Tree 366: Descendants(Descendants { descendants: [109, 147] })
Tree 367: Descendants(Descendants { descendants: [55, 82, 148] })
Tree 368: Descendants(Descendants { descendants: [43] })
Tree 369: Descendants(Descendants { descendants: [68] })
Tree 370: Descendants(Descendants { descendants: [24, 76, 79] })
Tree 371: SplitPlaneNormal(SplitPlaneNormal<cosine> { left: 373, right: 374, normal: Leaf { header: NodeHeaderCosine { norm: "0.0000" }, vector: [-0.3818, 0.8672, -0.3198] } })
Tree 372: Descendants(Descendants { descendants: [100, 118, 145] })
Tree 373: Descendants(Descendants { descendants: [4, 59] })
Tree 374: Descendants(Descendants { descendants: [21, 39] })
Tree 375: Descendants(Descendants { descendants: [6, 12, 105] })
Tree 376: SplitPlaneNormal(SplitPlaneNormal<cosine> { left: 377, right: 378, normal: Leaf { header: NodeHeaderCosine { norm: "0.0000" }, vector: [-0.8947, -0.0131, 0.4465] } })
Tree 377: SplitPlaneNormal(SplitPlaneNormal<cosine> { left: 379, right: 380, normal: Leaf { header: NodeHeaderCosine { norm: "0.0000" }, vector: [-0.7897, 0.0893, 0.6069] } })
Tree 378: Descendants(Descendants { descendants: [50] })
Tree 379: Descendants(Descendants { descendants: [72] })
Tree 380: SplitPlaneNormal(SplitPlaneNormal<cosine> { left: 381, right: 382, normal: Leaf { header: NodeHeaderCosine { norm: "0.0000" }, vector: [0.3953, 0.2039, -0.8956] } })
Tree 381: SplitPlaneNormal(SplitPlaneNormal<cosine> { left: 383, right: 384, normal: Leaf { header: NodeHeaderCosine { norm: "0.0000" }, vector: [0.2688, -0.4681, 0.8418] } })
Tree 382: Descendants(Descendants { descendants: [41, 74, 92] })
Tree 383: Descendants(Descendants { descendants: [83, 84, 116] })
Tree 384: Descendants(Descendants { descendants: [139] })
Tree 385: Descendants(Descendants { descendants: [31, 112] })
Tree 386: Descendants(Descendants { descendants: [45, 71] })
Tree 387: Descendants(Descendants { descendants: [51, 62] })
Tree 388: Descendants(Descendants { descendants: [73, 95, 102] })
Tree 389: Descendants(Descendants { descendants: [53, 127] })
Tree 390: Descendants(Descendants { descendants: [16, 129] })
Tree 391: Descendants(Descendants { descendants: [33, 114, 126] })
Tree 392: SplitPlaneNormal(SplitPlaneNormal<cosine> { left: 393, right: 394, normal: Leaf { header: NodeHeaderCosine { norm: "0.0000" }, vector: [0.1930, -0.7028, 0.6847] } })
Tree 393: Descendants(Descendants { descendants: [66] })
Tree 394: Descendants(Descendants { descendants: [99, 123, 142] })
Tree 395: Descendants(Descendants { descendants: [60, 61] })
Tree 396: SplitPlaneNormal(SplitPlaneNormal<cosine> { left: 397, right: 398, normal: Leaf { header: NodeHeaderCosine { norm: "0.0000" }, vector: [0.2317, -0.3972, -0.8880] } })
Tree 397: Descendants(Descendants { descendants: [18, 47, 86] })
Tree 398: Descendants(Descendants { descendants: [17, 132] })
Tree 399: Descendants(Descendants { descendants: [19, 141] })
Tree 400: SplitPlaneNormal(SplitPlaneNormal<cosine> { left: 401, right: 402, normal: Leaf { header: NodeHeaderCosine { norm: "0.0000" }, vector: [0.0266, 0.3570, -0.9337] } })
Tree 401: Descendants(Descendants { descendants: [1, 34] })
Tree 402: Descendants(Descendants { descendants: [81, 101] })
Tree 403: Descendants(Descendants { descendants: [5, 77] })
Tree 404: Descendants(Descendants { descendants: [27, 144] })
Tree 405: Descendants(Descendants { descendants: [57] })
Tree 406: Descendants(Descendants { descendants: [69, 100, 145] })
Tree 407: SplitPlaneNormal(SplitPlaneNormal<cosine> { left: 409, right: 410, normal: Leaf { header: NodeHeaderCosine { norm: "0.0000" }, vector: [0.3772, 0.5230, -0.7644] } })
Tree 408: Descendants(Descendants { descendants: [7, 28, 58] })
Tree 409: Descendants(Descendants { descendants: [26, 121] })
Tree 410: SplitPlaneNormal(SplitPlaneNormal<cosine> { left: 411, right: 412, normal: Leaf { header: NodeHeaderCosine { norm: "0.0000" }, vector: [0.7612, -0.6355, 0.1293] } })
Tree 411: Descendants(Descendants { descendants: [52, 91] })
Tree 412: Descendants(Descendants { descendants: [0, 119] })
Tree 413: Descendants(Descendants { descendants: [112] })
Tree 414: SplitPlaneNormal(SplitPlaneNormal<cosine> { left: 415, right: 416, normal: Leaf { header: NodeHeaderCosine { norm: "0.0000" }, vector: [-0.1601, 0.6635, -0.7308] } })
Tree 415: SplitPlaneNormal(SplitPlaneNormal<cosine> { left: 417, right: 418, normal: Leaf { header: NodeHeaderCosine { norm: "0.0000" }, vector: [0.0057, 0.5858, -0.8104] } })
Tree 416: Descendants(Descendants { descendants: [114, 126] })
Tree 417: Descendants(Descendants { descendants: [99, 142] })
Tree 418: Descendants(Descendants { descendants: [33, 66] })
Tree 419: SplitPlaneNormal(SplitPlaneNormal<cosine> { left: 421, right: 422, normal: Leaf { header: NodeHeaderCosine { norm: "0.0000" }, vector: [-0.8259, 0.2847, -0.4867] } })
Tree 420: SplitPlaneNormal(SplitPlaneNormal<cosine> { left: 425, right: 426, normal: Leaf { header: NodeHeaderCosine { norm: "0.0000" }, vector: [-0.5278, -0.0750, 0.8460] } })
Tree 421: SplitPlaneNormal(SplitPlaneNormal<cosine> { left: 423, right: 424, normal: Leaf { header: NodeHeaderCosine { norm: "0.0000" }, vector: [0.7425, -0.1049, -0.6616] } })
Tree 422: Descendants(Descendants { descendants: [6, 12] })
Tree 423: Descendants(Descendants { descendants: [41, 92] })
Tree 424: Descendants(Descendants { descendants: [72, 140] })
Tree 425: SplitPlaneNormal(SplitPlaneNormal<cosine> { left: 427, right: 428, normal: Leaf { header: NodeHeaderCosine { norm: "0.0000" }, vector: [0.4267, 0.0742, -0.9014] } })
Tree 426: Descendants(Descendants { descendants: [13, 23] })
Tree 427: Descendants(Descendants { descendants: [78, 96] })
Tree 428: Descendants(Descendants { descendants: [117, 128] })
Tree 429: SplitPlaneNormal(SplitPlaneNormal<cosine> { left: 431, right: 432, normal: Leaf { header: NodeHeaderCosine { norm: "0.0000" }, vector: [0.2489, -0.0813, -0.9651] } })
Tree 430: Descendants(Descendants { descendants: [65, 97] })
Tree 431: Descendants(Descendants { descendants: [30] })
Tree 432: Descendants(Descendants { descendants: [36, 124, 143] })
Tree 433: Descendants(Descendants { descendants: [15, 42, 110] })
Tree 434: SplitPlaneNormal(SplitPlaneNormal<cosine> { left: 435, right: 436, normal: Leaf { header: NodeHeaderCosine { norm: "0.0000" }, vector: [0.3958, -0.0632, -0.9161] } })
Tree 435: Descendants(Descendants { descendants: [113, 125] })
Tree 436: SplitPlaneNormal(SplitPlaneNormal<cosine> { left: 437, right: 438, normal: Leaf { header: NodeHeaderCosine { norm: "0.0000" }, vector: [0.1763, -0.5962, 0.7833] } })
Tree 437: Descendants(Descendants { descendants: [101, 141] })
Tree 438: Descendants(Descendants { descendants: [1, 34, 90] })
Tree 439: Descendants(Descendants { descendants: [62, 73, 95] })
Tree 440: Descendants(Descendants { descendants: [102, 129] })
Tree 441: Descendants(Descendants { descendants: [127] })
Tree 442: Descendants(Descendants { descendants: [7, 28, 53] })
Tree 443: Descendants(Descendants { descendants: [16, 133] })
Tree 444: SplitPlaneNormal(SplitPlaneNormal<cosine> { left: 445, right: 446, normal: Leaf { header: NodeHeaderCosine { norm: "0.0000" }, vector: [-0.5886, -0.4567, 0.6670] } })
Tree 445: Descendants(Descendants { descendants: [88, 89] })
Tree 446: Descendants(Descendants { descendants: [32, 35, 67] })
Tree 447: SplitPlaneNormal(SplitPlaneNormal<cosine> { left: 449, right: 450, normal: Leaf { header: NodeHeaderCosine { norm: "0.0000" }, vector: [-0.5735, -0.2849, 0.7681] } })
Tree 448: Descendants(Descendants { descendants: [38, 93] })
Tree 449: Descendants(Descendants { descendants: [63, 94] })
Tree 450: SplitPlaneNormal(SplitPlaneNormal<cosine> { left: 451, right: 452, normal: Leaf { header: NodeHeaderCosine { norm: "0.0000" }, vector: [0.3672, 0.6352, -0.6795] } })
Tree 451: Descendants(Descendants { descendants: [10] })
Tree 452: Descendants(Descendants { descendants: [2, 87, 107] })
Tree 453: Descendants(Descendants { descendants: [11, 80, 115] })
Tree 454: SplitPlaneNormal(SplitPlaneNormal<cosine> { left: 455, right: 456, normal: Leaf { header: NodeHeaderCosine { norm: "0.0000" }, vector: [0.3017, -0.7158, -0.6297] } })
Tree 455: Descendants(Descendants { descendants: [64, 122] })
Tree 456: Descendants(Descendants { descendants: [108, 131] })
Tree 457: Descendants(Descendants { descendants: [29] })
Tree 458: Descendants(Descendants { descendants: [20, 54, 98] })
Tree 459: Descendants(Descendants { descendants: [88, 89] })
Tree 460: Descendants(Descendants { descendants: [32, 35, 67] })
Tree 461: SplitPlaneNormal(SplitPlaneNormal<cosine> { left: 465, right: 466, normal: Leaf { header: NodeHeaderCosine { norm: "0.0000" }, vector: [-0.4980, 0.3895, 0.7748] } })
Tree 462: SplitPlaneNormal(SplitPlaneNormal<cosine> { left: 463, right: 464, normal: Leaf { header: NodeHeaderCosine { norm: "0.0000" }, vector: [-0.5404, -0.3224, 0.7772] } })
Tree 463: Descendants(Descendants { descendants: [63, 94] })
Tree 464: Descendants(Descendants { descendants: [2, 107] })
Tree 465: Descendants(Descendants { descendants: [11, 80, 115] })
Tree 466: Descendants(Descendants { descendants: [46, 75, 120] })
Tree 467: Descendants(Descendants { descendants: [60, 61, 90] })
Tree 468: SplitPlaneNormal(SplitPlaneNormal<cosine> { left: 469, right: 470, normal: Leaf { header: NodeHeaderCosine { norm: "0.0000" }, vector: [0.1229, -0.8266, 0.5493] } })
Tree 469: SplitPlaneNormal(SplitPlaneNormal<cosine> { left: 471, right: 472, normal: Leaf { header: NodeHeaderCosine { norm: "0.0000" }, vector: [-0.3011, 0.4124, 0.8598] } })
Tree 470: Descendants(Descendants { descendants: [47, 132, 144] })
Tree 471: Descendants(Descendants { descendants: [17, 18, 86] })
Tree 472: Descendants(Descendants { descendants: [42] })
Tree 473: SplitPlaneNormal(SplitPlaneNormal<cosine> { left: 477, right: 478, normal: Leaf { header: NodeHeaderCosine { norm: "0.0000" }, vector: [0.5029, -0.8060, 0.3122] } })
Tree 474: SplitPlaneNormal(SplitPlaneNormal<cosine> { left: 475, right: 476, normal: Leaf { header: NodeHeaderCosine { norm: "0.0000" }, vector: [-0.7305, 0.6762, 0.0959] } })
Tree 475: Descendants(Descendants { descendants: [9, 48] })
Tree 476: Descendants(Descendants { descendants: [70, 119] })
Tree 477: Descendants(Descendants { descendants: [44, 123, 135] })
Tree 478: Descendants(Descendants { descendants: [21, 39] })
Tree 479: SplitPlaneNormal(SplitPlaneNormal<cosine> { left: 481, right: 482, normal: Leaf { header: NodeHeaderCosine { norm: "0.0000" }, vector: [0.8517, 0.2846, -0.4400] } })
Tree 480: SplitPlaneNormal(SplitPlaneNormal<cosine> { left: 483, right: 484, normal: Leaf { header: NodeHeaderCosine { norm: "0.0000" }, vector: [0.5694, -0.6826, 0.4581] } })
Tree 481: Descendants(Descendants { descendants: [40, 103, 136] })
Tree 482: Descendants(Descendants { descendants: [14, 25, 104] })
Tree 483: Descendants(Descendants { descendants: [111, 146] })
Tree 484: SplitPlaneNormal(SplitPlaneNormal<cosine> { left: 485, right: 486, normal: Leaf { header: NodeHeaderCosine { norm: "0.0000" }, vector: [-0.9397, 0.3209, 0.1184] } })
Tree 485: Descendants(Descendants { descendants: [26, 121, 137] })
Tree 486: Descendants(Descendants { descendants: [106, 130] })
Tree 487: Descendants(Descendants { descendants: [113, 125, 138] })
Tree 488: SplitPlaneNormal(SplitPlaneNormal<cosine> { left: 489, right: 490, normal: Leaf { header: NodeHeaderCosine { norm: "0.0000" }, vector: [0.2350, -0.9386, -0.2527] } })
Tree 489: SplitPlaneNormal(SplitPlaneNormal<cosine> { left: 491, right: 492, normal: Leaf { header: NodeHeaderCosine { norm: "0.0000" }, vector: [-0.1033, 0.9496, -0.2960] } })
Tree 490: Descendants(Descendants { descendants: [108, 131] })
Tree 491: Descendants(Descendants { descendants: [64, 122] })
Tree 492: Descendants(Descendants { descendants: [15, 110] })
Tree 493: SplitPlaneNormal(SplitPlaneNormal<cosine> { left: 501, right: 502, normal: Leaf { header: NodeHeaderCosine { norm: "0.0000" }, vector: [0.4123, -0.8800, 0.2359] } })
Tree 494: SplitPlaneNormal(SplitPlaneNormal<cosine> { left: 495, right: 496, normal: Leaf { header: NodeHeaderCosine { norm: "0.0000" }, vector: [0.9377, -0.3459, 0.0330] } })
Tree 495: SplitPlaneNormal(SplitPlaneNormal<cosine> { left: 497, right: 498, normal: Leaf { header: NodeHeaderCosine { norm: "0.0000" }, vector: [0.6086, -0.6856, 0.3994] } })
Tree 496: SplitPlaneNormal(SplitPlaneNormal<cosine> { left: 499, right: 500, normal: Leaf { header: NodeHeaderCosine { norm: "0.0000" }, vector: [0.0393, -0.8199, 0.5712] } })
Tree 497: Descendants(Descendants { descendants: [22, 134] })
Tree 498: Descendants(Descendants { descendants: [3, 24, 76] })
Tree 499: Descendants(Descendants { descendants: [8, 56] })
Tree 500: Descendants(Descendants { descendants: [58, 79, 149] })
Tree 501: Descendants(Descendants { descendants: [43, 68] })
Tree 502: Descendants(Descendants { descendants: [82, 148] })
Item 0: Leaf(Leaf { header: NodeHeaderCosine { norm: "0.9249" }, vector: [0.4079, 0.5972, 0.5766] })
Item 1: Leaf(Leaf { header: NodeHeaderCosine { norm: "1.0443" }, vector: [0.8606, 0.5280, 0.2667] })
Item 2: Leaf(Leaf { header: NodeHeaderCosine { norm: "0.9610" }, vector: [0.6739, 0.2985, 0.6167] })
Item 3: Leaf(Leaf { header: NodeHeaderCosine { norm: "0.5378" }, vector: [0.0479, 0.2927, 0.4487] })
Item 4: Leaf(Leaf { header: NodeHeaderCosine { norm: "0.6832" }, vector: [0.4834, 0.2818, 0.3920] })
Item 5: Leaf(Leaf { header: NodeHeaderCosine { norm: "0.7470" }, vector: [0.7418, 0.0595, 0.0652] })
Item 6: Leaf(Leaf { header: NodeHeaderCosine { norm: "1.0038" }, vector: [0.2409, 0.9702, 0.0911] })
Item 7: Leaf(Leaf { header: NodeHeaderCosine { norm: "0.4776" }, vector: [0.2155, 0.1841, 0.3845] })
Item 8: Leaf(Leaf { header: NodeHeaderCosine { norm: "1.1446" }, vector: [0.2453, 0.6558, 0.9055] })
Item 9: Leaf(Leaf { header: NodeHeaderCosine { norm: "1.5567" }, vector: [0.9152, 0.7847, 0.9849] })
Item 10: Leaf(Leaf { header: NodeHeaderCosine { norm: "1.0765" }, vector: [0.7360, 0.3131, 0.7204] })
Item 11: Leaf(Leaf { header: NodeHeaderCosine { norm: "0.9246" }, vector: [0.8414, 0.0192, 0.3828] })
Item 12: Leaf(Leaf { header: NodeHeaderCosine { norm: "0.7468" }, vector: [0.0299, 0.7458, 0.0238] })
Item 13: Leaf(Leaf { header: NodeHeaderCosine { norm: "1.1116" }, vector: [0.4624, 0.8739, 0.5080] })
Item 14: Leaf(Leaf { header: NodeHeaderCosine { norm: "0.9879" }, vector: [0.1737, 0.7046, 0.6704] })
Item 15: Leaf(Leaf { header: NodeHeaderCosine { norm: "0.6977" }, vector: [0.6341, 0.1904, 0.2201] })
Item 16: Leaf(Leaf { header: NodeHeaderCosine { norm: "1.3220" }, vector: [0.8351, 0.2749, 0.9873] })
Item 17: Leaf(Leaf { header: NodeHeaderCosine { norm: "0.6904" }, vector: [0.6554, 0.2088, 0.0586] })
Item 18: Leaf(Leaf { header: NodeHeaderCosine { norm: "0.8414" }, vector: [0.7914, 0.2447, 0.1475] })
Item 19: Leaf(Leaf { header: NodeHeaderCosine { norm: "1.2199" }, vector: [0.9246, 0.7944, 0.0473] })
Item 20: Leaf(Leaf { header: NodeHeaderCosine { norm: "1.1741" }, vector: [0.7740, 0.4535, 0.7574] })
Item 21: Leaf(Leaf { header: NodeHeaderCosine { norm: "0.8493" }, vector: [0.5344, 0.4903, 0.4420] })
Item 22: Leaf(Leaf { header: NodeHeaderCosine { norm: "0.8526" }, vector: [0.0332, 0.5334, 0.6643] })
Item 23: Leaf(Leaf { header: NodeHeaderCosine { norm: "0.7987" }, vector: [0.3315, 0.6684, 0.2849] })
Item 24: Leaf(Leaf { header: NodeHeaderCosine { norm: "0.8138" }, vector: [0.1125, 0.4113, 0.6932] })
Item 25: Leaf(Leaf { header: NodeHeaderCosine { norm: "0.9546" }, vector: [0.1173, 0.7807, 0.5366] })
Item 26: Leaf(Leaf { header: NodeHeaderCosine { norm: "1.1688" }, vector: [0.4522, 0.7108, 0.8101] })
Item 27: Leaf(Leaf { header: NodeHeaderCosine { norm: "0.3820" }, vector: [0.3727, 0.0552, 0.0634] })
Item 28: Leaf(Leaf { header: NodeHeaderCosine { norm: "0.9284" }, vector: [0.4659, 0.3048, 0.7430] })
Item 29: Leaf(Leaf { header: NodeHeaderCosine { norm: "1.4602" }, vector: [0.8893, 0.6025, 0.9890] })
Item 30: Leaf(Leaf { header: NodeHeaderCosine { norm: "1.2877" }, vector: [0.8442, 0.9418, 0.2419] })
Item 31: Leaf(Leaf { header: NodeHeaderCosine { norm: "0.7464" }, vector: [0.4568, 0.5250, 0.2701] })
Item 32: Leaf(Leaf { header: NodeHeaderCosine { norm: "1.0318" }, vector: [0.7590, 0.0127, 0.6989] })
Item 33: Leaf(Leaf { header: NodeHeaderCosine { norm: "1.3377" }, vector: [0.8759, 0.8323, 0.5742] })
Item 34: Leaf(Leaf { header: NodeHeaderCosine { norm: "0.9270" }, vector: [0.7743, 0.4338, 0.2675] })
Item 35: Leaf(Leaf { header: NodeHeaderCosine { norm: "0.8325" }, vector: [0.6038, 0.0168, 0.5729] })
Item 36: Leaf(Leaf { header: NodeHeaderCosine { norm: "1.3546" }, vector: [0.9357, 0.9794, 0.0114] })
Item 37: Leaf(Leaf { header: NodeHeaderCosine { norm: "0.9081" }, vector: [0.2978, 0.0910, 0.8530] })
Item 38: Leaf(Leaf { header: NodeHeaderCosine { norm: "1.1584" }, vector: [0.8744, 0.1726, 0.7399] })
Item 39: Leaf(Leaf { header: NodeHeaderCosine { norm: "0.7896" }, vector: [0.5211, 0.4583, 0.3767] })
Item 40: Leaf(Leaf { header: NodeHeaderCosine { norm: "1.2339" }, vector: [0.0271, 0.8721, 0.8725] })
Item 41: Leaf(Leaf { header: NodeHeaderCosine { norm: "0.9873" }, vector: [0.3022, 0.8817, 0.3255] })
Item 42: Leaf(Leaf { header: NodeHeaderCosine { norm: "0.4438" }, vector: [0.4023, 0.1558, 0.1044] })
Item 43: Leaf(Leaf { header: NodeHeaderCosine { norm: "0.6672" }, vector: [0.0860, 0.2202, 0.6240] })
Item 44: Leaf(Leaf { header: NodeHeaderCosine { norm: "0.3497" }, vector: [0.2096, 0.2081, 0.1872] })
Item 45: Leaf(Leaf { header: NodeHeaderCosine { norm: "1.2019" }, vector: [0.8040, 0.7845, 0.4275] })
Item 46: Leaf(Leaf { header: NodeHeaderCosine { norm: "0.6738" }, vector: [0.5438, 0.1299, 0.3760] })
Item 47: Leaf(Leaf { header: NodeHeaderCosine { norm: "0.7506" }, vector: [0.7083, 0.1976, 0.1506] })
Item 48: Leaf(Leaf { header: NodeHeaderCosine { norm: "1.1406" }, vector: [0.7304, 0.5688, 0.6662] })
Item 49: Leaf(Leaf { header: NodeHeaderCosine { norm: "1.1160" }, vector: [0.3805, 0.8072, 0.6701] })
Item 50: Leaf(Leaf { header: NodeHeaderCosine { norm: "0.9121" }, vector: [0.0684, 0.8029, 0.4273] })
Item 51: Leaf(Leaf { header: NodeHeaderCosine { norm: "0.8113" }, vector: [0.3427, 0.1293, 0.7240] })
Item 52: Leaf(Leaf { header: NodeHeaderCosine { norm: "1.2950" }, vector: [0.5500, 0.9148, 0.7332] })
Item 53: Leaf(Leaf { header: NodeHeaderCosine { norm: "0.8488" }, vector: [0.4014, 0.2562, 0.7026] })
Item 54: Leaf(Leaf { header: NodeHeaderCosine { norm: "1.3913" }, vector: [0.9506, 0.5606, 0.8472] })
Item 55: Leaf(Leaf { header: NodeHeaderCosine { norm: "0.8270" }, vector: [0.1645, 0.1968, 0.7862] })
Item 56: Leaf(Leaf { header: NodeHeaderCosine { norm: "1.3288" }, vector: [0.4429, 0.7944, 0.9688] })
Item 57: Leaf(Leaf { header: NodeHeaderCosine { norm: "0.8996" }, vector: [0.6386, 0.5482, 0.3175] })
Item 58: Leaf(Leaf { header: NodeHeaderCosine { norm: "0.9797" }, vector: [0.3389, 0.4818, 0.7828] })
Item 59: Leaf(Leaf { header: NodeHeaderCosine { norm: "0.7839" }, vector: [0.5580, 0.3213, 0.4471] })
Item 60: Leaf(Leaf { header: NodeHeaderCosine { norm: "0.7833" }, vector: [0.7237, 0.2860, 0.0901] })
Item 61: Leaf(Leaf { header: NodeHeaderCosine { norm: "1.0168" }, vector: [0.9176, 0.4249, 0.1069] })
Item 62: Leaf(Leaf { header: NodeHeaderCosine { norm: "0.8952" }, vector: [0.4310, 0.0837, 0.7802] })
Item 63: Leaf(Leaf { header: NodeHeaderCosine { norm: "1.0165" }, vector: [0.7313, 0.3394, 0.6192] })
Item 64: Leaf(Leaf { header: NodeHeaderCosine { norm: "0.9699" }, vector: [0.8863, 0.1804, 0.3504] })
Item 65: Leaf(Leaf { header: NodeHeaderCosine { norm: "1.0281" }, vector: [0.5298, 0.8744, 0.1086] })
Item 66: Leaf(Leaf { header: NodeHeaderCosine { norm: "1.2347" }, vector: [0.7707, 0.7848, 0.5609] })
Item 67: Leaf(Leaf { header: NodeHeaderCosine { norm: "0.8433" }, vector: [0.5919, 0.0467, 0.5988] })
Item 68: Leaf(Leaf { header: NodeHeaderCosine { norm: "0.9905" }, vector: [0.0585, 0.3819, 0.9120] })
Item 69: Leaf(Leaf { header: NodeHeaderCosine { norm: "0.1911" }, vector: [0.1383, 0.1076, 0.0762] })
Item 70: Leaf(Leaf { header: NodeHeaderCosine { norm: "1.4642" }, vector: [0.8155, 0.8139, 0.9035] })
Item 71: Leaf(Leaf { header: NodeHeaderCosine { norm: "0.5580" }, vector: [0.3705, 0.3807, 0.1708] })
Item 72: Leaf(Leaf { header: NodeHeaderCosine { norm: "0.7419" }, vector: [0.2916, 0.6647, 0.1535] })
Item 73: Leaf(Leaf { header: NodeHeaderCosine { norm: "0.9156" }, vector: [0.4826, 0.0217, 0.7778] })
Item 74: Leaf(Leaf { header: NodeHeaderCosine { norm: "0.9966" }, vector: [0.2028, 0.9424, 0.2528] })
Item 75: Leaf(Leaf { header: NodeHeaderCosine { norm: "0.7771" }, vector: [0.6375, 0.1274, 0.4257] })
Item 76: Leaf(Leaf { header: NodeHeaderCosine { norm: "0.8002" }, vector: [0.1006, 0.4131, 0.6779] })
Item 77: Leaf(Leaf { header: NodeHeaderCosine { norm: "0.2842" }, vector: [0.2800, 0.0278, 0.0397] })
Item 78: Leaf(Leaf { header: NodeHeaderCosine { norm: "0.7925" }, vector: [0.4195, 0.6031, 0.2970] })
Item 79: Leaf(Leaf { header: NodeHeaderCosine { norm: "1.1725" }, vector: [0.3166, 0.5944, 0.9598] })
Item 80: Leaf(Leaf { header: NodeHeaderCosine { norm: "1.0432" }, vector: [0.9485, 0.0272, 0.4336] })
Item 81: Leaf(Leaf { header: NodeHeaderCosine { norm: "0.9749" }, vector: [0.7733, 0.5495, 0.2244] })
Item 82: Leaf(Leaf { header: NodeHeaderCosine { norm: "0.8740" }, vector: [0.1339, 0.2209, 0.8350] })
Item 83: Leaf(Leaf { header: NodeHeaderCosine { norm: "0.5051" }, vector: [0.1072, 0.4570, 0.1867] })
Item 84: Leaf(Leaf { header: NodeHeaderCosine { norm: "1.0568" }, vector: [0.2566, 0.9481, 0.3899] })
Item 85: Leaf(Leaf { header: NodeHeaderCosine { norm: "1.2351" }, vector: [0.6583, 0.8015, 0.6706] })
Item 86: Leaf(Leaf { header: NodeHeaderCosine { norm: "1.0194" }, vector: [0.9689, 0.2817, 0.1451] })
Item 87: Leaf(Leaf { header: NodeHeaderCosine { norm: "1.3859" }, vector: [0.9524, 0.4419, 0.9046] })
Item 88: Leaf(Leaf { header: NodeHeaderCosine { norm: "0.1995" }, vector: [0.1504, 0.0124, 0.1305] })
Item 89: Leaf(Leaf { header: NodeHeaderCosine { norm: "1.2740" }, vector: [0.9664, 0.0525, 0.8284] })
Item 90: Leaf(Leaf { header: NodeHeaderCosine { norm: "1.0572" }, vector: [0.9029, 0.4726, 0.2814] })
Item 91: Leaf(Leaf { header: NodeHeaderCosine { norm: "1.1088" }, vector: [0.4464, 0.7439, 0.6904] })
Item 92: Leaf(Leaf { header: NodeHeaderCosine { norm: "0.9216" }, vector: [0.2904, 0.8287, 0.2799] })
Item 93: Leaf(Leaf { header: NodeHeaderCosine { norm: "1.3908" }, vector: [0.9963, 0.2933, 0.9251] })
Item 94: Leaf(Leaf { header: NodeHeaderCosine { norm: "1.3501" }, vector: [0.9755, 0.4346, 0.8260] })
Item 95: Leaf(Leaf { header: NodeHeaderCosine { norm: "0.7770" }, vector: [0.4079, 0.0195, 0.6610] })
Item 96: Leaf(Leaf { header: NodeHeaderCosine { norm: "1.0922" }, vector: [0.5369, 0.8875, 0.3421] })
Item 97: Leaf(Leaf { header: NodeHeaderCosine { norm: "0.7225" }, vector: [0.4484, 0.5659, 0.0259] })
Item 98: Leaf(Leaf { header: NodeHeaderCosine { norm: "1.1565" }, vector: [0.7837, 0.4348, 0.7310] })
Item 99: Leaf(Leaf { header: NodeHeaderCosine { norm: "1.5328" }, vector: [0.9591, 0.9487, 0.7276] })
Item 100: Leaf(Leaf { header: NodeHeaderCosine { norm: "0.7411" }, vector: [0.5390, 0.4001, 0.3141] })
Item 101: Leaf(Leaf { header: NodeHeaderCosine { norm: "0.9705" }, vector: [0.8369, 0.4671, 0.1519] })
Item 102: Leaf(Leaf { header: NodeHeaderCosine { norm: "0.9412" }, vector: [0.5237, 0.1241, 0.7721] })
Item 103: Leaf(Leaf { header: NodeHeaderCosine { norm: "0.5568" }, vector: [0.0097, 0.3834, 0.4036] })
Item 104: Leaf(Leaf { header: NodeHeaderCosine { norm: "0.1946" }, vector: [0.0274, 0.1508, 0.1198] })
Item 105: Leaf(Leaf { header: NodeHeaderCosine { norm: "0.9778" }, vector: [0.0151, 0.9768, 0.0396] })
Item 106: Leaf(Leaf { header: NodeHeaderCosine { norm: "0.7807" }, vector: [0.1998, 0.5217, 0.5453] })
Item 107: Leaf(Leaf { header: NodeHeaderCosine { norm: "0.8917" }, vector: [0.6266, 0.2753, 0.5716] })
Item 108: Leaf(Leaf { header: NodeHeaderCosine { norm: "0.7514" }, vector: [0.7083, 0.0762, 0.2390] })
Item 109: Leaf(Leaf { header: NodeHeaderCosine { norm: "0.5511" }, vector: [0.0972, 0.0819, 0.5362] })
Item 110: Leaf(Leaf { header: NodeHeaderCosine { norm: "0.9070" }, vector: [0.8215, 0.2263, 0.3109] })
Item 111: Leaf(Leaf { header: NodeHeaderCosine { norm: "0.8462" }, vector: [0.2738, 0.6133, 0.5147] })
Item 112: Leaf(Leaf { header: NodeHeaderCosine { norm: "1.4499" }, vector: [0.9334, 0.9877, 0.5054] })
Item 113: Leaf(Leaf { header: NodeHeaderCosine { norm: "1.0514" }, vector: [0.8811, 0.4353, 0.3735] })
Item 114: Leaf(Leaf { header: NodeHeaderCosine { norm: "1.2423" }, vector: [0.7596, 0.8341, 0.5202] })
Item 115: Leaf(Leaf { header: NodeHeaderCosine { norm: "0.9094" }, vector: [0.8083, 0.0235, 0.4160] })
Item 116: Leaf(Leaf { header: NodeHeaderCosine { norm: "0.7452" }, vector: [0.1656, 0.6664, 0.2896] })
Item 117: Leaf(Leaf { header: NodeHeaderCosine { norm: "1.0026" }, vector: [0.5461, 0.7987, 0.2628] })
Item 118: Leaf(Leaf { header: NodeHeaderCosine { norm: "1.0341" }, vector: [0.7858, 0.5026, 0.4464] })
Item 119: Leaf(Leaf { header: NodeHeaderCosine { norm: "0.9175" }, vector: [0.4663, 0.5407, 0.5762] })
Item 120: Leaf(Leaf { header: NodeHeaderCosine { norm: "0.9376" }, vector: [0.7453, 0.1027, 0.5595] })
Item 121: Leaf(Leaf { header: NodeHeaderCosine { norm: "1.3753" }, vector: [0.5039, 0.8272, 0.9763] })
Item 122: Leaf(Leaf { header: NodeHeaderCosine { norm: "1.0754" }, vector: [0.9918, 0.1477, 0.3887] })
Item 123: Leaf(Leaf { header: NodeHeaderCosine { norm: "1.3925" }, vector: [0.8795, 0.8468, 0.6697] })
Item 124: Leaf(Leaf { header: NodeHeaderCosine { norm: "1.1098" }, vector: [0.7647, 0.7957, 0.1173] })
Item 125: Leaf(Leaf { header: NodeHeaderCosine { norm: "1.1476" }, vector: [0.9591, 0.4926, 0.3932] })
Item 126: Leaf(Leaf { header: NodeHeaderCosine { norm: "0.9134" }, vector: [0.5712, 0.5981, 0.3877] })
Item 127: Leaf(Leaf { header: NodeHeaderCosine { norm: "0.9111" }, vector: [0.3695, 0.2631, 0.7901] })
Item 128: Leaf(Leaf { header: NodeHeaderCosine { norm: "1.1932" }, vector: [0.6963, 0.9067, 0.3417] })
Item 129: Leaf(Leaf { header: NodeHeaderCosine { norm: "0.9262" }, vector: [0.5209, 0.1390, 0.7531] })
Item 130: Leaf(Leaf { header: NodeHeaderCosine { norm: "1.3670" }, vector: [0.3249, 0.8754, 0.9984] })
Item 131: Leaf(Leaf { header: NodeHeaderCosine { norm: "0.7638" }, vector: [0.7362, 0.0281, 0.2016] })
Item 132: Leaf(Leaf { header: NodeHeaderCosine { norm: "0.9733" }, vector: [0.9443, 0.1989, 0.1268] })
Item 133: Leaf(Leaf { header: NodeHeaderCosine { norm: "1.1471" }, vector: [0.7461, 0.2756, 0.8266] })
Item 134: Leaf(Leaf { header: NodeHeaderCosine { norm: "0.8314" }, vector: [0.0999, 0.5222, 0.6392] })
Item 135: Leaf(Leaf { header: NodeHeaderCosine { norm: "1.5262" }, vector: [0.9377, 0.9354, 0.7583] })
Item 136: Leaf(Leaf { header: NodeHeaderCosine { norm: "1.2001" }, vector: [0.1164, 0.8645, 0.8242] })
Item 137: Leaf(Leaf { header: NodeHeaderCosine { norm: "0.4666" }, vector: [0.1620, 0.2974, 0.3209] })
Item 138: Leaf(Leaf { header: NodeHeaderCosine { norm: "1.1939" }, vector: [0.9473, 0.4661, 0.5575] })
Item 139: Leaf(Leaf { header: NodeHeaderCosine { norm: "1.0903" }, vector: [0.2633, 0.9335, 0.4981] })
Item 140: Leaf(Leaf { header: NodeHeaderCosine { norm: "0.5685" }, vector: [0.2509, 0.4837, 0.1620] })
Item 141: Leaf(Leaf { header: NodeHeaderCosine { norm: "0.1324" }, vector: [0.1082, 0.0741, 0.0183] })
Item 142: Leaf(Leaf { header: NodeHeaderCosine { norm: "0.9244" }, vector: [0.5846, 0.5706, 0.4327] })
Item 143: Leaf(Leaf { header: NodeHeaderCosine { norm: "1.3347" }, vector: [0.9265, 0.9559, 0.0970] })
Item 144: Leaf(Leaf { header: NodeHeaderCosine { norm: "0.7351" }, vector: [0.7162, 0.1286, 0.1047] })
Item 145: Leaf(Leaf { header: NodeHeaderCosine { norm: "1.0301" }, vector: [0.7652, 0.5422, 0.4261] })
Item 146: Leaf(Leaf { header: NodeHeaderCosine { norm: "1.0697" }, vector: [0.2670, 0.8095, 0.6462] })
Item 147: Leaf(Leaf { header: NodeHeaderCosine { norm: "0.8406" }, vector: [0.1504, 0.0946, 0.8216] })
Item 148: Leaf(Leaf { header: NodeHeaderCosine { norm: "1.0285" }, vector: [0.1483, 0.2682, 0.9818] })
Item 149: Leaf(Leaf { header: NodeHeaderCosine { norm: "1.1411" }, vector: [0.2397, 0.6252, 0.9240] })
