---
source: src/tests/writer.rs
expression: handle
---
==================
Dumping index 0
Root: Metadata { dimensions: 3, items: RoaringBitmap<100 values between 0 and 99>, roots: [0, 1], distance: "cosine" }
Version: Version { major: 0, minor: 7, patch: 0 }
Tree 0: SplitPlaneNormal(SplitPlaneNormal<cosine> { left: 94, right: 95, normal: Leaf { header: NodeHeaderCosine { norm: "0.0000" }, vector: [-0.7419, -0.0092, 0.6705] } })
Tree 1: SplitPlaneNormal(SplitPlaneNormal<cosine> { left: 2, right: 3, normal: Leaf { header: NodeHeaderCosine { norm: "0.0000" }, vector: [0.5938, 0.3404, -0.7290] } })
Tree 2: SplitPlaneNormal(SplitPlaneNormal<cosine> { left: 64, right: 65, normal: Leaf { header: NodeHeaderCosine { norm: "0.0000" }, vector: [-0.5969, 0.7955, -0.1042] } })
Tree 3: SplitPlaneNormal(SplitPlaneNormal<cosine> { left: 4, right: 5, normal: Leaf { header: NodeHeaderCosine { norm: "0.0000" }, vector: [0.6720, -0.7180, 0.1817] } })
Tree 4: SplitPlaneNormal(SplitPlaneNormal<cosine> { left: 42, right: 43, normal: Leaf { header: NodeHeaderCosine { norm: "0.0000" }, vector: [-0.8971, 0.4184, 0.1423] } })
Tree 5: SplitPlaneNormal(SplitPlaneNormal<cosine> { left: 6, right: 7, normal: Leaf { header: NodeHeaderCosine { norm: "0.0000" }, vector: [-0.2091, -0.4533, 0.8665] } })
Tree 6: SplitPlaneNormal(SplitPlaneNormal<cosine> { left: 26, right: 27, normal: Leaf { header: NodeHeaderCosine { norm: "0.0000" }, vector: [-0.3881, 0.4833, 0.7847] } })
Tree 7: SplitPlaneNormal(SplitPlaneNormal<cosine> { left: 8, right: 9, normal: Leaf { header: NodeHeaderCosine { norm: "0.0000" }, vector: [0.0141, 0.8224, -0.5688] } })
Tree 8: SplitPlaneNormal(SplitPlaneNormal<cosine> { left: 16, right: 17, normal: Leaf { header: NodeHeaderCosine { norm: "0.0000" }, vector: [-0.6128, 0.7615, 0.2113] } })
Tree 9: SplitPlaneNormal(SplitPlaneNormal<cosine> { left: 10, right: 11, normal: Leaf { header: NodeHeaderCosine { norm: "0.0000" }, vector: [0.7223, -0.6315, -0.2819] } })
Tree 10: SplitPlaneNormal(SplitPlaneNormal<cosine> { left: 14, right: 15, normal: Leaf { header: NodeHeaderCosine { norm: "0.0000" }, vector: [-0.6219, -0.0774, 0.7793] } })
Tree 11: SplitPlaneNormal(SplitPlaneNormal<cosine> { left: 12, right: 13, normal: Leaf { header: NodeHeaderCosine { norm: "0.0000" }, vector: [0.4038, 0.3552, -0.8431] } })
Tree 12: Descendants(Descendants { descendants: [52, 59] })
Tree 13: Descendants(Descendants { descendants: [10, 58] })
Tree 14: Descendants(Descendants { descendants: [21, 39] })
Tree 15: Descendants(Descendants { descendants: [9, 60] })
Tree 16: SplitPlaneNormal(SplitPlaneNormal<cosine> { left: 18, right: 19, normal: Leaf { header: NodeHeaderCosine { norm: "0.0000" }, vector: [0.4400, -0.6017, -0.6666] } })
Tree 17: Descendants(Descendants { descendants: [29, 48, 68] })
Tree 18: SplitPlaneNormal(SplitPlaneNormal<cosine> { left: 20, right: 21, normal: Leaf { header: NodeHeaderCosine { norm: "0.0000" }, vector: [0.6356, -0.3787, -0.6728] } })
Tree 19: Descendants(Descendants { descendants: [4, 8, 11] })
Tree 20: SplitPlaneNormal(SplitPlaneNormal<cosine> { left: 22, right: 23, normal: Leaf { header: NodeHeaderCosine { norm: "0.0000" }, vector: [0.0340, -0.9313, 0.3626] } })
Tree 21: Descendants(Descendants { descendants: [40, 75] })
Tree 22: Descendants(Descendants { descendants: [63, 87] })
Tree 23: SplitPlaneNormal(SplitPlaneNormal<cosine> { left: 24, right: 25, normal: Leaf { header: NodeHeaderCosine { norm: "0.0000" }, vector: [0.5292, 0.3868, -0.7553] } })
Tree 24: Descendants(Descendants { descendants: [0, 93] })
Tree 25: Descendants(Descendants { descendants: [78, 82] })
Tree 26: SplitPlaneNormal(SplitPlaneNormal<cosine> { left: 40, right: 41, normal: Leaf { header: NodeHeaderCosine { norm: "0.0000" }, vector: [-0.1973, 0.9757, 0.0950] } })
Tree 27: SplitPlaneNormal(SplitPlaneNormal<cosine> { left: 28, right: 29, normal: Leaf { header: NodeHeaderCosine { norm: "0.0000" }, vector: [0.6078, -0.7489, -0.2641] } })
Tree 28: SplitPlaneNormal(SplitPlaneNormal<cosine> { left: 34, right: 35, normal: Leaf { header: NodeHeaderCosine { norm: "0.0000" }, vector: [0.6381, -0.4144, -0.6490] } })
Tree 29: SplitPlaneNormal(SplitPlaneNormal<cosine> { left: 30, right: 31, normal: Leaf { header: NodeHeaderCosine { norm: "0.0000" }, vector: [0.3553, -0.9153, 0.1896] } })
Tree 30: SplitPlaneNormal(SplitPlaneNormal<cosine> { left: 32, right: 33, normal: Leaf { header: NodeHeaderCosine { norm: "0.0000" }, vector: [0.2376, 0.2217, -0.9457] } })
Tree 31: Descendants(Descendants { descendants: [15, 80] })
Tree 32: Descendants(Descendants { descendants: [98] })
Tree 33: Descendants(Descendants { descendants: [1, 22, 84] })
Tree 34: SplitPlaneNormal(SplitPlaneNormal<cosine> { left: 36, right: 37, normal: Leaf { header: NodeHeaderCosine { norm: "0.0000" }, vector: [0.7289, -0.4821, -0.4861] } })
Tree 35: Descendants(Descendants { descendants: [19, 81] })
Tree 36: Descendants(Descendants { descendants: [6, 33, 99] })
Tree 37: SplitPlaneNormal(SplitPlaneNormal<cosine> { left: 38, right: 39, normal: Leaf { header: NodeHeaderCosine { norm: "0.0000" }, vector: [-0.4520, 0.7619, -0.4638] } })
Tree 38: Descendants(Descendants { descendants: [57, 69] })
Tree 39: Descendants(Descendants { descendants: [45, 71] })
Tree 40: Descendants(Descendants { descendants: [5, 27, 77] })
Tree 41: Descendants(Descendants { descendants: [17, 47, 61] })
Tree 42: SplitPlaneNormal(SplitPlaneNormal<cosine> { left: 52, right: 53, normal: Leaf { header: NodeHeaderCosine { norm: "0.0000" }, vector: [-0.1610, 0.3819, -0.9101] } })
Tree 43: SplitPlaneNormal(SplitPlaneNormal<cosine> { left: 44, right: 45, normal: Leaf { header: NodeHeaderCosine { norm: "0.0000" }, vector: [-0.2809, -0.1702, 0.9445] } })
Tree 44: Descendants(Descendants { descendants: [34] })
Tree 45: SplitPlaneNormal(SplitPlaneNormal<cosine> { left: 46, right: 47, normal: Leaf { header: NodeHeaderCosine { norm: "0.0000" }, vector: [0.1491, 0.5140, -0.8448] } })
Tree 46: SplitPlaneNormal(SplitPlaneNormal<cosine> { left: 50, right: 51, normal: Leaf { header: NodeHeaderCosine { norm: "0.0000" }, vector: [0.1298, -0.6816, 0.7201] } })
Tree 47: SplitPlaneNormal(SplitPlaneNormal<cosine> { left: 48, right: 49, normal: Leaf { header: NodeHeaderCosine { norm: "0.0000" }, vector: [0.8454, -0.4542, 0.2812] } })
Tree 48: Descendants(Descendants { descendants: [41, 76, 83] })
Tree 49: Descendants(Descendants { descendants: [13, 23, 92] })
Tree 50: Descendants(Descendants { descendants: [36, 49] })
Tree 51: Descendants(Descendants { descendants: [2, 91] })
Tree 52: SplitPlaneNormal(SplitPlaneNormal<cosine> { left: 56, right: 57, normal: Leaf { header: NodeHeaderCosine { norm: "0.0000" }, vector: [0.6084, -0.1180, -0.7848] } })
Tree 53: SplitPlaneNormal(SplitPlaneNormal<cosine> { left: 54, right: 55, normal: Leaf { header: NodeHeaderCosine { norm: "0.0000" }, vector: [-0.7969, 0.5480, 0.2541] } })
Tree 54: Descendants(Descendants { descendants: [12, 97] })
Tree 55: Descendants(Descendants { descendants: [14, 65, 72] })
Tree 56: SplitPlaneNormal(SplitPlaneNormal<cosine> { left: 58, right: 59, normal: Leaf { header: NodeHeaderCosine { norm: "0.0000" }, vector: [-0.3148, -0.3591, 0.8786] } })
Tree 57: Descendants(Descendants { descendants: [24, 31, 42] })
Tree 58: SplitPlaneNormal(SplitPlaneNormal<cosine> { left: 60, right: 61, normal: Leaf { header: NodeHeaderCosine { norm: "0.0000" }, vector: [-0.4706, 0.6113, -0.6363] } })
Tree 59: Descendants(Descendants { descendants: [85] })
Tree 60: SplitPlaneNormal(SplitPlaneNormal<cosine> { left: 62, right: 63, normal: Leaf { header: NodeHeaderCosine { norm: "0.0000" }, vector: [0.3742, -0.6750, 0.6359] } })
Tree 61: Descendants(Descendants { descendants: [38] })
Tree 62: Descendants(Descendants { descendants: [16, 18] })
Tree 63: Descendants(Descendants { descendants: [90, 96] })
Tree 64: SplitPlaneNormal(SplitPlaneNormal<cosine> { left: 80, right: 81, normal: Leaf { header: NodeHeaderCosine { norm: "0.0000" }, vector: [0.7926, -0.2856, -0.5388] } })
Tree 65: SplitPlaneNormal(SplitPlaneNormal<cosine> { left: 66, right: 67, normal: Leaf { header: NodeHeaderCosine { norm: "0.0000" }, vector: [0.0680, 0.7454, -0.6632] } })
Tree 66: SplitPlaneNormal(SplitPlaneNormal<cosine> { left: 74, right: 75, normal: Leaf { header: NodeHeaderCosine { norm: "0.0000" }, vector: [0.7091, 0.5040, -0.4931] } })
Tree 67: SplitPlaneNormal(SplitPlaneNormal<cosine> { left: 68, right: 69, normal: Leaf { header: NodeHeaderCosine { norm: "0.0000" }, vector: [0.5085, 0.4515, -0.7332] } })
Tree 68: Descendants(Descendants { descendants: [20, 50] })
Tree 69: SplitPlaneNormal(SplitPlaneNormal<cosine> { left: 70, right: 71, normal: Leaf { header: NodeHeaderCosine { norm: "0.0000" }, vector: [-0.6425, 0.4399, -0.6274] } })
Tree 70: SplitPlaneNormal(SplitPlaneNormal<cosine> { left: 72, right: 73, normal: Leaf { header: NodeHeaderCosine { norm: "0.0000" }, vector: [0.8015, -0.4493, 0.3947] } })
Tree 71: Descendants(Descendants { descendants: [54] })
Tree 72: Descendants(Descendants { descendants: [25, 26, 66] })
Tree 73: Descendants(Descendants { descendants: [32] })
Tree 74: SplitPlaneNormal(SplitPlaneNormal<cosine> { left: 78, right: 79, normal: Leaf { header: NodeHeaderCosine { norm: "0.0000" }, vector: [0.6325, -0.7151, 0.2977] } })
Tree 75: SplitPlaneNormal(SplitPlaneNormal<cosine> { left: 76, right: 77, normal: Leaf { header: NodeHeaderCosine { norm: "0.0000" }, vector: [-0.8716, 0.0210, 0.4898] } })
Tree 76: Descendants(Descendants { descendants: [70, 94] })
Tree 77: Descendants(Descendants { descendants: [74, 79, 86] })
Tree 78: Descendants(Descendants { descendants: [3, 30] })
Tree 79: Descendants(Descendants { descendants: [28, 43] })
Tree 80: SplitPlaneNormal(SplitPlaneNormal<cosine> { left: 88, right: 89, normal: Leaf { header: NodeHeaderCosine { norm: "0.0000" }, vector: [0.4346, 0.7756, -0.4578] } })
Tree 81: SplitPlaneNormal(SplitPlaneNormal<cosine> { left: 82, right: 83, normal: Leaf { header: NodeHeaderCosine { norm: "0.0000" }, vector: [-0.3623, 0.9297, 0.0661] } })
Tree 82: SplitPlaneNormal(SplitPlaneNormal<cosine> { left: 84, right: 85, normal: Leaf { header: NodeHeaderCosine { norm: "0.0000" }, vector: [-0.0722, 0.9920, -0.1031] } })
Tree 83: Descendants(Descendants { descendants: [44] })
Tree 84: SplitPlaneNormal(SplitPlaneNormal<cosine> { left: 86, right: 87, normal: Leaf { header: NodeHeaderCosine { norm: "0.0000" }, vector: [0.6043, 0.4030, -0.6874] } })
Tree 85: Descendants(Descendants { descendants: [56] })
Tree 86: Descendants(Descendants { descendants: [35, 67] })
Tree 87: Descendants(Descendants { descendants: [88, 89] })
Tree 88: SplitPlaneNormal(SplitPlaneNormal<cosine> { left: 90, right: 91, normal: Leaf { header: NodeHeaderCosine { norm: "0.0000" }, vector: [-0.9628, -0.0719, 0.2605] } })
Tree 89: Descendants(Descendants { descendants: [7, 53, 64] })
Tree 90: SplitPlaneNormal(SplitPlaneNormal<cosine> { left: 92, right: 93, normal: Leaf { header: NodeHeaderCosine { norm: "0.0000" }, vector: [-0.8021, 0.4808, 0.3542] } })
Tree 91: Descendants(Descendants { descendants: [55, 62] })
Tree 92: Descendants(Descendants { descendants: [73, 95] })
Tree 93: Descendants(Descendants { descendants: [37, 46, 51] })
Tree 94: SplitPlaneNormal(SplitPlaneNormal<cosine> { left: 128, right: 129, normal: Leaf { header: NodeHeaderCosine { norm: "0.0000" }, vector: [0.4785, -0.8779, -0.0195] } })
Tree 95: SplitPlaneNormal(SplitPlaneNormal<cosine> { left: 96, right: 97, normal: Leaf { header: NodeHeaderCosine { norm: "0.0000" }, vector: [0.9268, -0.3400, -0.1595] } })
Tree 96: SplitPlaneNormal(SplitPlaneNormal<cosine> { left: 114, right: 115, normal: Leaf { header: NodeHeaderCosine { norm: "0.0000" }, vector: [0.0640, 0.8356, -0.5456] } })
Tree 97: SplitPlaneNormal(SplitPlaneNormal<cosine> { left: 98, right: 99, normal: Leaf { header: NodeHeaderCosine { norm: "0.0000" }, vector: [0.1260, 0.8927, -0.4327] } })
Tree 98: SplitPlaneNormal(SplitPlaneNormal<cosine> { left: 108, right: 109, normal: Leaf { header: NodeHeaderCosine { norm: "0.0000" }, vector: [-0.3363, -0.8669, 0.3680] } })
Tree 99: SplitPlaneNormal(SplitPlaneNormal<cosine> { left: 100, right: 101, normal: Leaf { header: NodeHeaderCosine { norm: "0.0000" }, vector: [0.8726, -0.1613, -0.4610] } })
Tree 100: SplitPlaneNormal(SplitPlaneNormal<cosine> { left: 104, right: 105, normal: Leaf { header: NodeHeaderCosine { norm: "0.0000" }, vector: [-0.0318, -0.7392, 0.6728] } })
Tree 101: SplitPlaneNormal(SplitPlaneNormal<cosine> { left: 102, right: 103, normal: Leaf { header: NodeHeaderCosine { norm: "0.0000" }, vector: [-0.3143, -0.7022, 0.6389] } })
Tree 102: Descendants(Descendants { descendants: [48, 70, 94] })
Tree 103: Descendants(Descendants { descendants: [44, 64] })
Tree 104: Descendants(Descendants { descendants: [2, 36, 91] })
Tree 105: SplitPlaneNormal(SplitPlaneNormal<cosine> { left: 106, right: 107, normal: Leaf { header: NodeHeaderCosine { norm: "0.0000" }, vector: [0.6759, 0.4713, -0.5666] } })
Tree 106: Descendants(Descendants { descendants: [28] })
Tree 107: Descendants(Descendants { descendants: [7, 74, 86] })
Tree 108: Descendants(Descendants { descendants: [53] })
Tree 109: SplitPlaneNormal(SplitPlaneNormal<cosine> { left: 110, right: 111, normal: Leaf { header: NodeHeaderCosine { norm: "0.0000" }, vector: [-0.8863, -0.1858, 0.4241] } })
Tree 110: SplitPlaneNormal(SplitPlaneNormal<cosine> { left: 112, right: 113, normal: Leaf { header: NodeHeaderCosine { norm: "0.0000" }, vector: [-0.6023, 0.7592, 0.2465] } })
Tree 111: Descendants(Descendants { descendants: [37] })
Tree 112: Descendants(Descendants { descendants: [73, 95] })
Tree 113: Descendants(Descendants { descendants: [46, 51] })
Tree 114: SplitPlaneNormal(SplitPlaneNormal<cosine> { left: 126, right: 127, normal: Leaf { header: NodeHeaderCosine { norm: "0.0000" }, vector: [0.1874, 0.9064, -0.3786] } })
Tree 115: SplitPlaneNormal(SplitPlaneNormal<cosine> { left: 116, right: 117, normal: Leaf { header: NodeHeaderCosine { norm: "0.0000" }, vector: [-0.4503, 0.5907, -0.6696] } })
Tree 116: SplitPlaneNormal(SplitPlaneNormal<cosine> { left: 122, right: 123, normal: Leaf { header: NodeHeaderCosine { norm: "0.0000" }, vector: [0.8347, 0.2874, -0.4699] } })
Tree 117: SplitPlaneNormal(SplitPlaneNormal<cosine> { left: 118, right: 119, normal: Leaf { header: NodeHeaderCosine { norm: "0.0000" }, vector: [-0.5426, -0.3202, 0.7766] } })
Tree 118: Descendants(Descendants { descendants: [76, 83] })
Tree 119: SplitPlaneNormal(SplitPlaneNormal<cosine> { left: 120, right: 121, normal: Leaf { header: NodeHeaderCosine { norm: "0.0000" }, vector: [-0.5526, 0.4617, -0.6938] } })
Tree 120: Descendants(Descendants { descendants: [25, 26, 66] })
Tree 121: Descendants(Descendants { descendants: [54] })
Tree 122: SplitPlaneNormal(SplitPlaneNormal<cosine> { left: 124, right: 125, normal: Leaf { header: NodeHeaderCosine { norm: "0.0000" }, vector: [0.6193, 0.5548, -0.5555] } })
Tree 123: Descendants(Descendants { descendants: [32, 49] })
Tree 124: Descendants(Descendants { descendants: [3, 30, 50] })
Tree 125: Descendants(Descendants { descendants: [20] })
Tree 126: Descendants(Descendants { descendants: [43, 55, 62] })
Tree 127: Descendants(Descendants { descendants: [79] })
Tree 128: SplitPlaneNormal(SplitPlaneNormal<cosine> { left: 152, right: 153, normal: Leaf { header: NodeHeaderCosine { norm: "0.0000" }, vector: [-0.6325, 0.7077, -0.3149] } })
Tree 129: SplitPlaneNormal(SplitPlaneNormal<cosine> { left: 130, right: 131, normal: Leaf { header: NodeHeaderCosine { norm: "0.0000" }, vector: [0.3229, 0.5291, -0.7847] } })
Tree 130: SplitPlaneNormal(SplitPlaneNormal<cosine> { left: 140, right: 141, normal: Leaf { header: NodeHeaderCosine { norm: "0.0000" }, vector: [-0.5718, -0.3132, 0.7583] } })
Tree 131: SplitPlaneNormal(SplitPlaneNormal<cosine> { left: 132, right: 133, normal: Leaf { header: NodeHeaderCosine { norm: "0.0000" }, vector: [-0.0720, -0.5319, 0.8437] } })
Tree 132: SplitPlaneNormal(SplitPlaneNormal<cosine> { left: 136, right: 137, normal: Leaf { header: NodeHeaderCosine { norm: "0.0000" }, vector: [0.3891, -0.6811, -0.6202] } })
Tree 133: SplitPlaneNormal(SplitPlaneNormal<cosine> { left: 134, right: 135, normal: Leaf { header: NodeHeaderCosine { norm: "0.0000" }, vector: [0.0610, -0.9292, 0.3644] } })
Tree 134: Descendants(Descendants { descendants: [15, 40, 80] })
Tree 135: Descendants(Descendants { descendants: [4, 8] })
Tree 136: Descendants(Descendants { descendants: [22, 84] })
Tree 137: SplitPlaneNormal(SplitPlaneNormal<cosine> { left: 138, right: 139, normal: Leaf { header: NodeHeaderCosine { norm: "0.0000" }, vector: [-0.2183, 0.8233, 0.5240] } })
Tree 138: Descendants(Descendants { descendants: [5, 27, 77] })
Tree 139: Descendants(Descendants { descendants: [17, 47, 61] })
Tree 140: SplitPlaneNormal(SplitPlaneNormal<cosine> { left: 148, right: 149, normal: Leaf { header: NodeHeaderCosine { norm: "0.0000" }, vector: [0.4907, -0.7578, -0.4301] } })
Tree 141: SplitPlaneNormal(SplitPlaneNormal<cosine> { left: 142, right: 143, normal: Leaf { header: NodeHeaderCosine { norm: "0.0000" }, vector: [0.1645, -0.9636, 0.2109] } })
Tree 142: Descendants(Descendants { descendants: [87] })
Tree 143: SplitPlaneNormal(SplitPlaneNormal<cosine> { left: 144, right: 145, normal: Leaf { header: NodeHeaderCosine { norm: "0.0000" }, vector: [-0.0415, 0.9886, -0.1449] } })
Tree 144: SplitPlaneNormal(SplitPlaneNormal<cosine> { left: 146, right: 147, normal: Leaf { header: NodeHeaderCosine { norm: "0.0000" }, vector: [-0.6677, -0.1664, 0.7256] } })
Tree 145: Descendants(Descendants { descendants: [56, 93] })
Tree 146: Descendants(Descendants { descendants: [88, 89] })
Tree 147: Descendants(Descendants { descendants: [35, 67] })
Tree 148: SplitPlaneNormal(SplitPlaneNormal<cosine> { left: 150, right: 151, normal: Leaf { header: NodeHeaderCosine { norm: "0.0000" }, vector: [-0.3166, 0.9469, -0.0553] } })
Tree 149: Descendants(Descendants { descendants: [11, 75] })
Tree 150: Descendants(Descendants { descendants: [0, 78, 82] })
Tree 151: Descendants(Descendants { descendants: [63] })
Tree 152: SplitPlaneNormal(SplitPlaneNormal<cosine> { left: 166, right: 167, normal: Leaf { header: NodeHeaderCosine { norm: "0.0000" }, vector: [-0.1407, 0.7156, -0.6842] } })
Tree 153: SplitPlaneNormal(SplitPlaneNormal<cosine> { left: 154, right: 155, normal: Leaf { header: NodeHeaderCosine { norm: "0.0000" }, vector: [0.5494, -0.1561, -0.8208] } })
Tree 154: SplitPlaneNormal(SplitPlaneNormal<cosine> { left: 160, right: 161, normal: Leaf { header: NodeHeaderCosine { norm: "0.0000" }, vector: [0.8677, -0.4957, -0.0375] } })
Tree 155: SplitPlaneNormal(SplitPlaneNormal<cosine> { left: 156, right: 157, normal: Leaf { header: NodeHeaderCosine { norm: "0.0000" }, vector: [-0.8505, 0.5224, -0.0614] } })
Tree 156: SplitPlaneNormal(SplitPlaneNormal<cosine> { left: 158, right: 159, normal: Leaf { header: NodeHeaderCosine { norm: "0.0000" }, vector: [-0.7746, 0.6224, -0.1124] } })
Tree 157: Descendants(Descendants { descendants: [14, 34] })
Tree 158: Descendants(Descendants { descendants: [12, 42] })
Tree 159: Descendants(Descendants { descendants: [65, 72, 97] })
Tree 160: SplitPlaneNormal(SplitPlaneNormal<cosine> { left: 164, right: 165, normal: Leaf { header: NodeHeaderCosine { norm: "0.0000" }, vector: [-0.7947, 0.5223, -0.3094] } })
Tree 161: SplitPlaneNormal(SplitPlaneNormal<cosine> { left: 162, right: 163, normal: Leaf { header: NodeHeaderCosine { norm: "0.0000" }, vector: [0.5999, -0.1255, -0.7902] } })
Tree 162: Descendants(Descendants { descendants: [16, 18, 38] })
Tree 163: Descendants(Descendants { descendants: [24] })
Tree 164: Descendants(Descendants { descendants: [13, 23] })
Tree 165: Descendants(Descendants { descendants: [41, 92] })
Tree 166: SplitPlaneNormal(SplitPlaneNormal<cosine> { left: 178, right: 179, normal: Leaf { header: NodeHeaderCosine { norm: "0.0000" }, vector: [-0.6048, -0.0853, 0.7918] } })
Tree 167: SplitPlaneNormal(SplitPlaneNormal<cosine> { left: 168, right: 169, normal: Leaf { header: NodeHeaderCosine { norm: "0.0000" }, vector: [0.6431, -0.6135, -0.4582] } })
Tree 168: SplitPlaneNormal(SplitPlaneNormal<cosine> { left: 170, right: 171, normal: Leaf { header: NodeHeaderCosine { norm: "0.0000" }, vector: [0.6919, -0.1450, -0.7073] } })
Tree 169: Descendants(Descendants { descendants: [1, 19, 81] })
Tree 170: Descendants(Descendants { descendants: [85, 90] })
Tree 171: SplitPlaneNormal(SplitPlaneNormal<cosine> { left: 172, right: 173, normal: Leaf { header: NodeHeaderCosine { norm: "0.0000" }, vector: [0.4012, 0.1846, -0.8972] } })
Tree 172: Descendants(Descendants { descendants: [33, 99] })
Tree 173: SplitPlaneNormal(SplitPlaneNormal<cosine> { left: 174, right: 175, normal: Leaf { header: NodeHeaderCosine { norm: "0.0000" }, vector: [0.6930, -0.7206, -0.0238] } })
Tree 174: SplitPlaneNormal(SplitPlaneNormal<cosine> { left: 176, right: 177, normal: Leaf { header: NodeHeaderCosine { norm: "0.0000" }, vector: [0.6883, -0.3049, -0.6582] } })
Tree 175: Descendants(Descendants { descendants: [57, 69] })
Tree 176: Descendants(Descendants { descendants: [31, 96] })
Tree 177: Descendants(Descendants { descendants: [6, 45, 71] })
Tree 178: SplitPlaneNormal(SplitPlaneNormal<cosine> { left: 184, right: 185, normal: Leaf { header: NodeHeaderCosine { norm: "0.0000" }, vector: [-0.6981, 0.6082, 0.3780] } })
Tree 179: SplitPlaneNormal(SplitPlaneNormal<cosine> { left: 180, right: 181, normal: Leaf { header: NodeHeaderCosine { norm: "0.0000" }, vector: [-0.2183, 0.8496, -0.4801] } })
Tree 180: SplitPlaneNormal(SplitPlaneNormal<cosine> { left: 182, right: 183, normal: Leaf { header: NodeHeaderCosine { norm: "0.0000" }, vector: [0.2662, 0.6364, -0.7240] } })
Tree 181: Descendants(Descendants { descendants: [60] })
Tree 182: Descendants(Descendants { descendants: [29, 68] })
Tree 183: Descendants(Descendants { descendants: [9, 52] })
Tree 184: SplitPlaneNormal(SplitPlaneNormal<cosine> { left: 186, right: 187, normal: Leaf { header: NodeHeaderCosine { norm: "0.0000" }, vector: [-0.4736, -0.0890, 0.8762] } })
Tree 185: Descendants(Descendants { descendants: [21, 39] })
Tree 186: Descendants(Descendants { descendants: [98] })
Tree 187: Descendants(Descendants { descendants: [10, 58, 59] })
Item 0: Leaf(Leaf { header: NodeHeaderCosine { norm: "1.0872" }, vector: [0.8013, 0.2371, 0.6955] })
Item 1: Leaf(Leaf { header: NodeHeaderCosine { norm: "1.0443" }, vector: [0.8606, 0.5280, 0.2667] })
Item 2: Leaf(Leaf { header: NodeHeaderCosine { norm: "1.4908" }, vector: [0.6057, 0.9830, 0.9430] })
Item 3: Leaf(Leaf { header: NodeHeaderCosine { norm: "0.5378" }, vector: [0.0479, 0.2927, 0.4487] })
Item 4: Leaf(Leaf { header: NodeHeaderCosine { norm: "0.9436" }, vector: [0.8798, 0.0246, 0.3401] })
Item 5: Leaf(Leaf { header: NodeHeaderCosine { norm: "0.7470" }, vector: [0.7418, 0.0595, 0.0652] })
Item 6: Leaf(Leaf { header: NodeHeaderCosine { norm: "1.1644" }, vector: [0.7750, 0.7425, 0.4517] })
Item 7: Leaf(Leaf { header: NodeHeaderCosine { norm: "0.4776" }, vector: [0.2155, 0.1841, 0.3845] })
Item 8: Leaf(Leaf { header: NodeHeaderCosine { norm: "1.1195" }, vector: [0.9954, 0.1512, 0.4894] })
Item 9: Leaf(Leaf { header: NodeHeaderCosine { norm: "1.5567" }, vector: [0.9152, 0.7847, 0.9849] })
Item 10: Leaf(Leaf { header: NodeHeaderCosine { norm: "0.5616" }, vector: [0.4199, 0.2620, 0.2655] })
Item 11: Leaf(Leaf { header: NodeHeaderCosine { norm: "0.9246" }, vector: [0.8414, 0.0192, 0.3828] })
Item 12: Leaf(Leaf { header: NodeHeaderCosine { norm: "0.3734" }, vector: [0.2561, 0.2692, 0.0368] })
Item 13: Leaf(Leaf { header: NodeHeaderCosine { norm: "1.1116" }, vector: [0.4624, 0.8739, 0.5080] })
Item 14: Leaf(Leaf { header: NodeHeaderCosine { norm: "1.0011" }, vector: [0.4557, 0.8887, 0.0685] })
Item 15: Leaf(Leaf { header: NodeHeaderCosine { norm: "0.6977" }, vector: [0.6341, 0.1904, 0.2201] })
Item 16: Leaf(Leaf { header: NodeHeaderCosine { norm: "1.1907" }, vector: [0.6947, 0.8503, 0.4607] })
Item 17: Leaf(Leaf { header: NodeHeaderCosine { norm: "0.6904" }, vector: [0.6554, 0.2088, 0.0586] })
Item 18: Leaf(Leaf { header: NodeHeaderCosine { norm: "1.2539" }, vector: [0.6857, 0.9343, 0.4788] })
Item 19: Leaf(Leaf { header: NodeHeaderCosine { norm: "1.2199" }, vector: [0.9246, 0.7944, 0.0473] })
Item 20: Leaf(Leaf { header: NodeHeaderCosine { norm: "1.2728" }, vector: [0.1040, 0.9647, 0.8238] })
Item 21: Leaf(Leaf { header: NodeHeaderCosine { norm: "0.8493" }, vector: [0.5344, 0.4903, 0.4420] })
Item 22: Leaf(Leaf { header: NodeHeaderCosine { norm: "0.9142" }, vector: [0.7937, 0.4028, 0.2083] })
Item 23: Leaf(Leaf { header: NodeHeaderCosine { norm: "0.7987" }, vector: [0.3315, 0.6684, 0.2849] })
Item 24: Leaf(Leaf { header: NodeHeaderCosine { norm: "1.2609" }, vector: [0.8002, 0.9037, 0.3644] })
Item 25: Leaf(Leaf { header: NodeHeaderCosine { norm: "0.9546" }, vector: [0.1173, 0.7807, 0.5366] })
Item 26: Leaf(Leaf { header: NodeHeaderCosine { norm: "1.1379" }, vector: [0.1554, 0.9343, 0.6308] })
Item 27: Leaf(Leaf { header: NodeHeaderCosine { norm: "0.3820" }, vector: [0.3727, 0.0552, 0.0634] })
Item 28: Leaf(Leaf { header: NodeHeaderCosine { norm: "1.1230" }, vector: [0.3584, 0.4273, 0.9748] })
Item 29: Leaf(Leaf { header: NodeHeaderCosine { norm: "1.4602" }, vector: [0.8893, 0.6025, 0.9890] })
Item 30: Leaf(Leaf { header: NodeHeaderCosine { norm: "1.2471" }, vector: [0.0001, 0.7870, 0.9674] })
Item 31: Leaf(Leaf { header: NodeHeaderCosine { norm: "0.7464" }, vector: [0.4568, 0.5250, 0.2701] })
Item 32: Leaf(Leaf { header: NodeHeaderCosine { norm: "1.1377" }, vector: [0.2417, 0.8742, 0.6869] })
Item 33: Leaf(Leaf { header: NodeHeaderCosine { norm: "1.3377" }, vector: [0.8759, 0.8323, 0.5742] })
Item 34: Leaf(Leaf { header: NodeHeaderCosine { norm: "0.7853" }, vector: [0.3201, 0.7171, 0.0057] })
Item 35: Leaf(Leaf { header: NodeHeaderCosine { norm: "0.8325" }, vector: [0.6038, 0.0168, 0.5729] })
Item 36: Leaf(Leaf { header: NodeHeaderCosine { norm: "1.0547" }, vector: [0.4393, 0.7574, 0.5881] })
Item 37: Leaf(Leaf { header: NodeHeaderCosine { norm: "0.9081" }, vector: [0.2978, 0.0910, 0.8530] })
Item 38: Leaf(Leaf { header: NodeHeaderCosine { norm: "1.0339" }, vector: [0.5171, 0.8481, 0.2869] })
Item 39: Leaf(Leaf { header: NodeHeaderCosine { norm: "0.7896" }, vector: [0.5211, 0.4583, 0.3767] })
Item 40: Leaf(Leaf { header: NodeHeaderCosine { norm: "1.0489" }, vector: [0.8616, 0.3239, 0.5030] })
Item 41: Leaf(Leaf { header: NodeHeaderCosine { norm: "0.9873" }, vector: [0.3022, 0.8817, 0.3255] })
Item 42: Leaf(Leaf { header: NodeHeaderCosine { norm: "1.3946" }, vector: [0.9170, 0.9928, 0.3439] })
Item 43: Leaf(Leaf { header: NodeHeaderCosine { norm: "0.6672" }, vector: [0.0860, 0.2202, 0.6240] })
Item 44: Leaf(Leaf { header: NodeHeaderCosine { norm: "1.0014" }, vector: [0.6195, 0.3361, 0.7113] })
Item 45: Leaf(Leaf { header: NodeHeaderCosine { norm: "1.2019" }, vector: [0.8040, 0.7845, 0.4275] })
Item 46: Leaf(Leaf { header: NodeHeaderCosine { norm: "0.8810" }, vector: [0.3626, 0.1384, 0.7909] })
Item 47: Leaf(Leaf { header: NodeHeaderCosine { norm: "0.7506" }, vector: [0.7083, 0.1976, 0.1506] })
Item 48: Leaf(Leaf { header: NodeHeaderCosine { norm: "1.1895" }, vector: [0.6972, 0.5359, 0.8010] })
Item 49: Leaf(Leaf { header: NodeHeaderCosine { norm: "1.1160" }, vector: [0.3805, 0.8072, 0.6701] })
Item 50: Leaf(Leaf { header: NodeHeaderCosine { norm: "1.1789" }, vector: [0.0850, 0.7778, 0.8818] })
Item 51: Leaf(Leaf { header: NodeHeaderCosine { norm: "0.8113" }, vector: [0.3427, 0.1293, 0.7240] })
Item 52: Leaf(Leaf { header: NodeHeaderCosine { norm: "0.6850" }, vector: [0.4773, 0.2871, 0.3988] })
Item 53: Leaf(Leaf { header: NodeHeaderCosine { norm: "0.8488" }, vector: [0.4014, 0.2562, 0.7026] })
Item 54: Leaf(Leaf { header: NodeHeaderCosine { norm: "0.4090" }, vector: [0.0131, 0.3608, 0.1922] })
Item 55: Leaf(Leaf { header: NodeHeaderCosine { norm: "0.8270" }, vector: [0.1645, 0.1968, 0.7862] })
Item 56: Leaf(Leaf { header: NodeHeaderCosine { norm: "1.2929" }, vector: [0.9030, 0.2735, 0.8840] })
Item 57: Leaf(Leaf { header: NodeHeaderCosine { norm: "0.8996" }, vector: [0.6386, 0.5482, 0.3175] })
Item 58: Leaf(Leaf { header: NodeHeaderCosine { norm: "1.1399" }, vector: [0.8519, 0.5081, 0.5617] })
Item 59: Leaf(Leaf { header: NodeHeaderCosine { norm: "0.7839" }, vector: [0.5580, 0.3213, 0.4471] })
Item 60: Leaf(Leaf { header: NodeHeaderCosine { norm: "1.5511" }, vector: [0.8761, 0.9344, 0.8748] })
Item 61: Leaf(Leaf { header: NodeHeaderCosine { norm: "1.0168" }, vector: [0.9176, 0.4249, 0.1069] })
Item 62: Leaf(Leaf { header: NodeHeaderCosine { norm: "1.0041" }, vector: [0.0392, 0.1024, 0.9981] })
Item 63: Leaf(Leaf { header: NodeHeaderCosine { norm: "1.0165" }, vector: [0.7313, 0.3394, 0.6192] })
Item 64: Leaf(Leaf { header: NodeHeaderCosine { norm: "0.9513" }, vector: [0.4707, 0.3849, 0.7316] })
Item 65: Leaf(Leaf { header: NodeHeaderCosine { norm: "1.0281" }, vector: [0.5298, 0.8744, 0.1086] })
Item 66: Leaf(Leaf { header: NodeHeaderCosine { norm: "0.8002" }, vector: [0.0631, 0.6646, 0.4413] })
Item 67: Leaf(Leaf { header: NodeHeaderCosine { norm: "0.8433" }, vector: [0.5919, 0.0467, 0.5988] })
Item 68: Leaf(Leaf { header: NodeHeaderCosine { norm: "1.2920" }, vector: [0.8101, 0.4828, 0.8831] })
Item 69: Leaf(Leaf { header: NodeHeaderCosine { norm: "0.1911" }, vector: [0.1383, 0.1076, 0.0762] })
Item 70: Leaf(Leaf { header: NodeHeaderCosine { norm: "1.1321" }, vector: [0.5699, 0.5919, 0.7788] })
Item 71: Leaf(Leaf { header: NodeHeaderCosine { norm: "0.5580" }, vector: [0.3705, 0.3807, 0.1708] })
Item 72: Leaf(Leaf { header: NodeHeaderCosine { norm: "0.6752" }, vector: [0.3678, 0.5629, 0.0612] })
Item 73: Leaf(Leaf { header: NodeHeaderCosine { norm: "0.9156" }, vector: [0.4826, 0.0217, 0.7778] })
Item 74: Leaf(Leaf { header: NodeHeaderCosine { norm: "0.6857" }, vector: [0.2831, 0.3242, 0.5338] })
Item 75: Leaf(Leaf { header: NodeHeaderCosine { norm: "0.7771" }, vector: [0.6375, 0.1274, 0.4257] })
Item 76: Leaf(Leaf { header: NodeHeaderCosine { norm: "0.9184" }, vector: [0.2305, 0.7650, 0.4528] })
Item 77: Leaf(Leaf { header: NodeHeaderCosine { norm: "0.2842" }, vector: [0.2800, 0.0278, 0.0397] })
Item 78: Leaf(Leaf { header: NodeHeaderCosine { norm: "0.8796" }, vector: [0.6639, 0.2003, 0.5412] })
Item 79: Leaf(Leaf { header: NodeHeaderCosine { norm: "1.1725" }, vector: [0.3166, 0.5944, 0.9598] })
Item 80: Leaf(Leaf { header: NodeHeaderCosine { norm: "1.1152" }, vector: [0.9520, 0.3982, 0.4226] })
Item 81: Leaf(Leaf { header: NodeHeaderCosine { norm: "0.9749" }, vector: [0.7733, 0.5495, 0.2244] })
Item 82: Leaf(Leaf { header: NodeHeaderCosine { norm: "1.0292" }, vector: [0.7816, 0.2531, 0.6199] })
Item 83: Leaf(Leaf { header: NodeHeaderCosine { norm: "0.5051" }, vector: [0.1072, 0.4570, 0.1867] })
Item 84: Leaf(Leaf { header: NodeHeaderCosine { norm: "0.6358" }, vector: [0.5403, 0.2813, 0.1820] })
Item 85: Leaf(Leaf { header: NodeHeaderCosine { norm: "1.2351" }, vector: [0.6583, 0.8015, 0.6706] })
Item 86: Leaf(Leaf { header: NodeHeaderCosine { norm: "0.8018" }, vector: [0.3091, 0.4282, 0.6033] })
Item 87: Leaf(Leaf { header: NodeHeaderCosine { norm: "1.3859" }, vector: [0.9524, 0.4419, 0.9046] })
Item 88: Leaf(Leaf { header: NodeHeaderCosine { norm: "0.3135" }, vector: [0.2348, 0.0132, 0.2073] })
Item 89: Leaf(Leaf { header: NodeHeaderCosine { norm: "1.2740" }, vector: [0.9664, 0.0525, 0.8284] })
Item 90: Leaf(Leaf { header: NodeHeaderCosine { norm: "1.4259" }, vector: [0.8134, 0.9647, 0.6640] })
Item 91: Leaf(Leaf { header: NodeHeaderCosine { norm: "1.1088" }, vector: [0.4464, 0.7439, 0.6904] })
Item 92: Leaf(Leaf { header: NodeHeaderCosine { norm: "0.8943" }, vector: [0.3159, 0.7607, 0.3483] })
Item 93: Leaf(Leaf { header: NodeHeaderCosine { norm: "1.3908" }, vector: [0.9963, 0.2933, 0.9251] })
Item 94: Leaf(Leaf { header: NodeHeaderCosine { norm: "0.2017" }, vector: [0.1057, 0.1036, 0.1371] })
Item 95: Leaf(Leaf { header: NodeHeaderCosine { norm: "0.7770" }, vector: [0.4079, 0.0195, 0.6610] })
Item 96: Leaf(Leaf { header: NodeHeaderCosine { norm: "1.3821" }, vector: [0.8298, 0.9571, 0.5529] })
Item 97: Leaf(Leaf { header: NodeHeaderCosine { norm: "0.7225" }, vector: [0.4484, 0.5659, 0.0259] })
Item 98: Leaf(Leaf { header: NodeHeaderCosine { norm: "1.1580" }, vector: [0.9343, 0.5204, 0.4442] })
Item 99: Leaf(Leaf { header: NodeHeaderCosine { norm: "1.5328" }, vector: [0.9591, 0.9487, 0.7276] })
